http_client.c:66:9:httpClientInit	8	static
http_client.c:135:9:httpClientRegisterRandCallback	0	static
http_client.c:162:9:httpClientSetVersion	0	static
http_client.c:187:9:httpClientSetTimeout	0	static
http_client.c:209:9:httpClientSetAuthInfo	0	static
http_client.c:247:9:httpClientBindToInterface	0	static
http_client.c:270:9:httpClientConnect	24	static
http_client.c:366:9:httpClientCreateRequest	16	static
http_client.c:403:9:httpClientSetMethod	32	static
http_client.c:463:9:httpClientSetUri	48	static
http_client.c:534:9:httpClientSetHost	32	static
http_client.c:595:9:httpClientSetQueryString	48	static
http_client.c:692:9:httpClientAddQueryParam	48	static
http_client.c:809:9:httpClientAddHeaderField	32	static
http_client.c:891:9:httpClientFormatHeaderField	40	static
http_client.c:988:9:httpClientSetContentLength	24	static
http_client.c:1015:9:httpClientWriteHeader	40	static
http_client.c:1138:9:httpClientWriteBody	48	static
http_client.c:1294:9:httpClientWriteTrailer	24	static
http_client.c:1513:8:httpClientGetStatus	0	static
http_client.c:1540:15:httpClientGetHeaderField	40	static
http_client.c:1599:9:httpClientGetNextHeaderField	32	static
http_client.c:1647:9:httpClientReadBody	64	static
http_client.c:2150:9:httpClientDisconnect	16	static
http_client.c:1885:9:httpClientReadTrailer	32	static
http_client.c:2013:9:httpClientCloseBody	32	static
http_client.c:1373:9:httpClientReadHeader	40	static
http_client.c:2225:9:httpClientClose	8	static
http_client.c:2246:6:httpClientDeinit	8	static
