ethernetif.c:137:13:low_level_init	16	static
ethernetif.c:199:14:low_level_output	32	static
ethernetif.c:244:22:low_level_input	40	static
ethernetif.c:290:6:ethernetif_input	24	static
ethernetif.c:324:7:ethernetif_init	16	static
ethernetif.c:354:7:sys_now	8	static
ethernetif.c:364:6:ethernetif_set_link	16	static
ethernetif.c:386:6:ethernetif_update_config	16	static
ethernetif.c:401:13:ethernetif_notify_conn_changed	16	static
ethernetif.c:411:6:ethernet_transmit	8	static
ethernetif.c:427:9:ENC_SPI_SendWithoutSelection	24	static
ethernetif.c:439:9:ENC_SPI_Send	24	static
ethernetif.c:463:6:ENC_SPI_SendBuf	32	static
ethernetif.c:493:6:ENC_SPI_Select	16	static
