enc28j60_driver.c:233:6:enc28j60Tick	0	static
enc28j60_driver.c:243:6:enc28j60EnableIrq	0	static
enc28j60_driver.c:255:6:enc28j60DisableIrq	0	static
enc28j60_driver.c:625:6:enc28j60SoftReset	8	static
enc28j60_driver.c:818:6:enc28j60WriteBuffer	32	static
enc28j60_driver.c:873:6:enc28j60ReadBuffer	16	static
enc28j60_driver.c:902:6:enc28j60SetBit	16	static
enc28j60_driver.c:924:6:enc28j60ClearBit	16	static
enc28j60_driver.c:644:6:enc28j60SelectBank	16	static
enc28j60_driver.c:697:6:enc28j60WriteReg	16	static
enc28j60_driver.c:722:9:enc28j60ReadReg	24	static
enc28j60_driver.c:472:9:enc28j60ReceivePacket	48	static
enc28j60_driver.c:759:6:enc28j60WritePhyReg	16	static
enc28j60_driver.c:784:10:enc28j60ReadPhyReg	16	static
enc28j60_driver.c:71:9:enc28j60Init	32	static
enc28j60_driver.c:408:9:enc28j60SendPacket	24	static
enc28j60_driver.c:268:8:enc28j60IrqHandler	16	static
enc28j60_driver.c:331:6:enc28j60EventHandler	16	static
enc28j60_driver.c:946:10:enc28j60CalcCrc	16	static
enc28j60_driver.c:562:9:enc28j60UpdateMacAddrFilter	32	static
enc28j60_driver.c:986:6:enc28j60DumpReg	0	static
enc28j60_driver.c:1041:6:enc28j60DumpPhyReg	0	static
