mqtt_client.c:52:9:mqttClientInit	16	static
mqtt_client.c:102:6:mqttClientInitCallbacks	16	static
mqtt_client.c:116:9:mqttClientRegisterCallbacks	24	static
mqtt_client.c:138:9:mqttClientSetVersion	16	static
mqtt_client.c:160:9:mqttClientSetTransportProtocol	16	static
mqtt_client.c:209:9:mqttClientRegisterPublishCallback	16	static
mqtt_client.c:231:9:mqttClientSetTimeout	16	static
mqtt_client.c:254:9:mqttClientSetKeepAlive	16	static
mqtt_client.c:275:9:mqttClientSetHost	16	static
mqtt_client.c:302:9:mqttClientSetUri	16	static
mqtt_client.c:329:9:mqttClientSetIdentifier	16	static
mqtt_client.c:356:9:mqttClientSetAuthInfo	24	static
mqtt_client.c:393:9:mqttClientSetWillMessage	32	static
mqtt_client.c:446:9:mqttClientBindToInterface	16	static
mqtt_client.c:472:9:mqttClientConnect	40	static
mqtt_client.c:610:9:mqttClientPublish	40	static
mqtt_client.c:738:9:mqttClientSubscribe	32	static
mqtt_client.c:851:9:mqttClientUnsubscribe	32	static
mqtt_client.c:963:9:mqttClientPing	24	static
mqtt_client.c:1077:9:mqttClientTask	24	static
mqtt_client.c:1106:9:mqttClientDisconnect	24	static
mqtt_client.c:1209:9:mqttClientClose	16	static
mqtt_client.c:1230:6:mqttClientDeinit	16	static
