mqtt_client_packet.c:73:9:mqttClientReceivePacket	40	static
mqtt_client_packet.c:169:9:mqttClientProcessPacket	64	static
mqtt_client_packet.c:264:9:mqttClientProcessConnAck	32	static
mqtt_client_packet.c:321:9:mqttClientProcessPublish	72	static
mqtt_client_packet.c:435:9:mqttClientProcessPubAck	32	static
mqtt_client_packet.c:479:9:mqttClientProcessPubRec	32	static
mqtt_client_packet.c:537:9:mqttClientProcessPubRel	32	static
mqtt_client_packet.c:595:9:mqttClientProcessPubComp	32	static
mqtt_client_packet.c:639:9:mqttClientProcessSubAck	32	static
mqtt_client_packet.c:683:9:mqttClientProcessUnsubAck	32	static
mqtt_client_packet.c:727:9:mqttClientProcessPingResp	24	static
mqtt_client_packet.c:758:9:mqttClientFormatConnect	56	static
mqtt_client_packet.c:955:9:mqttClientFormatPublish	56	static
mqtt_client_packet.c:1029:9:mqttClientFormatPubAck	40	static
mqtt_client_packet.c:1077:9:mqttClientFormatPubRec	40	static
mqtt_client_packet.c:1125:9:mqttClientFormatPubRel	40	static
mqtt_client_packet.c:1173:9:mqttClientFormatPubComp	40	static
mqtt_client_packet.c:1223:9:mqttClientFormatSubscribe	56	static
mqtt_client_packet.c:1291:9:mqttClientFormatUnsubscribe	48	static
mqtt_client_packet.c:1350:9:mqttClientFormatPingReq	40	static
mqtt_client_packet.c:1382:9:mqttClientFormatDisconnect	40	static
