ftp_client.c:62:9:ftpClientInit	16	static
ftp_client.c:126:9:ftpClientSetTimeout	16	static
ftp_client.c:147:9:ftpClientBindToInterface	16	static
ftp_client.c:171:9:ftpClientConnect	32	static
ftp_client.c:376:9:ftpClientLogin	24	static
ftp_client.c:393:9:ftpClientLoginEx	32	static
ftp_client.c:543:9:ftpClientGetWorkingDir	32	static
ftp_client.c:623:9:ftpClientChangeWorkingDir	24	static
ftp_client.c:697:9:ftpClientChangeToParentDir	24	static
ftp_client.c:771:9:ftpClientOpenDir	24	static
ftp_client.c:901:9:ftpClientReadDir	40	static
ftp_client.c:996:9:ftpClientCloseDir	16	static
ftp_client.c:1014:9:ftpClientCreateDir	24	static
ftp_client.c:1088:9:ftpClientDeleteDir	24	static
ftp_client.c:1163:9:ftpClientOpenFile	32	static
ftp_client.c:1321:9:ftpClientWriteFile	40	static
ftp_client.c:1388:9:ftpClientReadFile	40	static
ftp_client.c:1437:9:ftpClientCloseFile	16	static
ftp_client.c:1456:9:ftpClientRenameFile	32	static
ftp_client.c:1561:9:ftpClientDeleteFile	24	static
ftp_client.c:1634:8:ftpClientGetReplyCode	24	static
ftp_client.c:1661:9:ftpClientDisconnect	24	static
ftp_client.c:1750:9:ftpClientClose	16	static
ftp_client.c:1773:6:ftpClientDeinit	16	static
