dhcp.c:1253:1:dhcp_set_state	0	static
dhcp.c:1268:1:dhcp_option	12	static
dhcp.c:1279:1:dhcp_option_byte	8	static
dhcp.c:1286:1:dhcp_option_short	12	static
dhcp.c:1294:1:dhcp_option_long	12	static
dhcp.c:1756:1:dhcp_option_trailer	8	static
dhcp.c:1641:1:dhcp_create_msg	24	static
dhcp.c:1735:1:dhcp_delete_msg	8	static
dhcp.c:1076:1:dhcp_rebind	24	static
dhcp.c:872:1:dhcp_discover	24	static
dhcp.c:283:1:dhcp_select	24	static
dhcp.c:1126:1:dhcp_reboot	24	static
dhcp.c:225:1:dhcp_check	16	static
dhcp.c:927:1:dhcp_bind	24	static
dhcp.c:1537:1:dhcp_recv	64	static
dhcp.c:587:1:dhcp_set_struct	8	static
dhcp.c:606:6:dhcp_cleanup	8	static
dhcp.c:712:1:dhcp_inform	88	static
dhcp.c:766:1:dhcp_network_changed	16	static
dhcp.c:803:6:dhcp_arp_reply	24	static
dhcp.c:1022:1:dhcp_renew	24	static
dhcp.c:337:1:dhcp_coarse_tmr	8	static
dhcp.c:1168:1:dhcp_release	24	static
dhcp.c:369:1:dhcp_fine_tmr	16	static
dhcp.c:1220:1:dhcp_stop	8	static
dhcp.c:629:1:dhcp_start	16	static
