netif.c:106:1:netif_init	0	static
netif.c:290:1:netif_find	8	static
netif.c:323:1:netif_set_ipaddr	16	static
netif.c:221:1:netif_set_addr	16	static
netif.c:139:1:netif_add	24	static
netif.c:388:1:netif_set_gw	0	static
netif.c:409:1:netif_set_netmask	0	static
netif.c:430:1:netif_set_default	0	static
netif.c:453:6:netif_set_up	0	static
netif.c:490:6:netif_set_down	0	static
netif.c:235:1:netif_remove	8	static
netif.c:535:6:netif_set_link_up	8	static
netif.c:574:6:netif_set_link_down	0	static
netif.c:586:6:netif_set_link_callback	0	static
