dhcp_client_misc.c:73:6:dhcpClientTick	0	static
dhcp_client_misc.c:490:9:dhcpClientSendDecline	104	static
dhcp_client_misc.c:1073:6:dhcpClientCheckTimeout	16	static
dhcp_client_misc.c:1118:10:dhcpClientComputeElapsedTime	8	static
dhcp_client_misc.c:215:9:dhcpClientSendDiscover	104	static
dhcp_client_misc.c:329:9:dhcpClientSendRequest	104	static
dhcp_client_misc.c:1141:6:dhcpClientChangeState	32	static
dhcp_client_misc.c:696:6:dhcpClientParseOffer	24	static
dhcp_client_misc.c:757:6:dhcpClientParseAck	32	static
dhcp_client_misc.c:1205:6:dhcpClientResetConfig	0	static
dhcp_client_misc.c:161:6:dhcpClientLinkChangeEvent	16	static
dhcp_client_misc.c:1001:6:dhcpClientParseNak	24	static
dhcp_client_misc.c:608:6:dhcpClientProcessMessage	24	static
dhcp_client_misc.c:1244:6:dhcpClientDumpConfig	32	static
