Archive member included to satisfy reference by file (symbol)

/opt/st/stm32cubeide_1.7.0/plugins/com.st.stm32cube.ide.mcu.externaltools.gnu-tools-for-stm32.9-2020-q2-update.linux64_2.0.0.202105311346/tools/bin/../lib/gcc/arm-none-eabi/9.3.1/../../../../arm-none-eabi/lib/thumb/v7e-m+fp/hard/libc_nano.a(lib_a-ctype_.o)
                              ./CycloneTcp/common/path.o (_ctype_)
/opt/st/stm32cubeide_1.7.0/plugins/com.st.stm32cube.ide.mcu.externaltools.gnu-tools-for-stm32.9-2020-q2-update.linux64_2.0.0.202105311346/tools/bin/../lib/gcc/arm-none-eabi/9.3.1/../../../../arm-none-eabi/lib/thumb/v7e-m+fp/hard/libc_nano.a(lib_a-errno.o)
                              ./Core/Src/syscalls.o (__errno)
/opt/st/stm32cubeide_1.7.0/plugins/com.st.stm32cube.ide.mcu.externaltools.gnu-tools-for-stm32.9-2020-q2-update.linux64_2.0.0.202105311346/tools/bin/../lib/gcc/arm-none-eabi/9.3.1/../../../../arm-none-eabi/lib/thumb/v7e-m+fp/hard/libc_nano.a(lib_a-exit.o)
                              /opt/st/stm32cubeide_1.7.0/plugins/com.st.stm32cube.ide.mcu.externaltools.gnu-tools-for-stm32.9-2020-q2-update.linux64_2.0.0.202105311346/tools/bin/../lib/gcc/arm-none-eabi/9.3.1/../../../../arm-none-eabi/lib/thumb/v7e-m+fp/hard/crt0.o (exit)
/opt/st/stm32cubeide_1.7.0/plugins/com.st.stm32cube.ide.mcu.externaltools.gnu-tools-for-stm32.9-2020-q2-update.linux64_2.0.0.202105311346/tools/bin/../lib/gcc/arm-none-eabi/9.3.1/../../../../arm-none-eabi/lib/thumb/v7e-m+fp/hard/libc_nano.a(lib_a-fprintf.o)
                              ./CycloneTcp/common/debug.o (fprintf)
/opt/st/stm32cubeide_1.7.0/plugins/com.st.stm32cube.ide.mcu.externaltools.gnu-tools-for-stm32.9-2020-q2-update.linux64_2.0.0.202105311346/tools/bin/../lib/gcc/arm-none-eabi/9.3.1/../../../../arm-none-eabi/lib/thumb/v7e-m+fp/hard/libc_nano.a(lib_a-fputs.o)
                              ./CycloneTcp/common/debug.o (fputs)
/opt/st/stm32cubeide_1.7.0/plugins/com.st.stm32cube.ide.mcu.externaltools.gnu-tools-for-stm32.9-2020-q2-update.linux64_2.0.0.202105311346/tools/bin/../lib/gcc/arm-none-eabi/9.3.1/../../../../arm-none-eabi/lib/thumb/v7e-m+fp/hard/libc_nano.a(lib_a-impure.o)
                              /opt/st/stm32cubeide_1.7.0/plugins/com.st.stm32cube.ide.mcu.externaltools.gnu-tools-for-stm32.9-2020-q2-update.linux64_2.0.0.202105311346/tools/bin/../lib/gcc/arm-none-eabi/9.3.1/../../../../arm-none-eabi/lib/thumb/v7e-m+fp/hard/libc_nano.a(lib_a-exit.o) (_global_impure_ptr)
/opt/st/stm32cubeide_1.7.0/plugins/com.st.stm32cube.ide.mcu.externaltools.gnu-tools-for-stm32.9-2020-q2-update.linux64_2.0.0.202105311346/tools/bin/../lib/gcc/arm-none-eabi/9.3.1/../../../../arm-none-eabi/lib/thumb/v7e-m+fp/hard/libc_nano.a(lib_a-init.o)
                              /opt/st/stm32cubeide_1.7.0/plugins/com.st.stm32cube.ide.mcu.externaltools.gnu-tools-for-stm32.9-2020-q2-update.linux64_2.0.0.202105311346/tools/bin/../lib/gcc/arm-none-eabi/9.3.1/../../../../arm-none-eabi/lib/thumb/v7e-m+fp/hard/crt0.o (__libc_init_array)
/opt/st/stm32cubeide_1.7.0/plugins/com.st.stm32cube.ide.mcu.externaltools.gnu-tools-for-stm32.9-2020-q2-update.linux64_2.0.0.202105311346/tools/bin/../lib/gcc/arm-none-eabi/9.3.1/../../../../arm-none-eabi/lib/thumb/v7e-m+fp/hard/libc_nano.a(lib_a-lock.o)
                              /opt/st/stm32cubeide_1.7.0/plugins/com.st.stm32cube.ide.mcu.externaltools.gnu-tools-for-stm32.9-2020-q2-update.linux64_2.0.0.202105311346/tools/bin/../lib/gcc/arm-none-eabi/9.3.1/../../../../arm-none-eabi/lib/thumb/v7e-m+fp/hard/libc_nano.a(lib_a-fputs.o) (__retarget_lock_acquire_recursive)
/opt/st/stm32cubeide_1.7.0/plugins/com.st.stm32cube.ide.mcu.externaltools.gnu-tools-for-stm32.9-2020-q2-update.linux64_2.0.0.202105311346/tools/bin/../lib/gcc/arm-none-eabi/9.3.1/../../../../arm-none-eabi/lib/thumb/v7e-m+fp/hard/libc_nano.a(lib_a-memcmp.o)
                              ./CycloneTcp/cyclone_tcp/core/ethernet.o (memcmp)
/opt/st/stm32cubeide_1.7.0/plugins/com.st.stm32cube.ide.mcu.externaltools.gnu-tools-for-stm32.9-2020-q2-update.linux64_2.0.0.202105311346/tools/bin/../lib/gcc/arm-none-eabi/9.3.1/../../../../arm-none-eabi/lib/thumb/v7e-m+fp/hard/libc_nano.a(lib_a-memcpy-stub.o)
                              ./CycloneTcp/common/str.o (memcpy)
/opt/st/stm32cubeide_1.7.0/plugins/com.st.stm32cube.ide.mcu.externaltools.gnu-tools-for-stm32.9-2020-q2-update.linux64_2.0.0.202105311346/tools/bin/../lib/gcc/arm-none-eabi/9.3.1/../../../../arm-none-eabi/lib/thumb/v7e-m+fp/hard/libc_nano.a(lib_a-memmove.o)
                              ./CycloneTcp/common/path.o (memmove)
/opt/st/stm32cubeide_1.7.0/plugins/com.st.stm32cube.ide.mcu.externaltools.gnu-tools-for-stm32.9-2020-q2-update.linux64_2.0.0.202105311346/tools/bin/../lib/gcc/arm-none-eabi/9.3.1/../../../../arm-none-eabi/lib/thumb/v7e-m+fp/hard/libc_nano.a(lib_a-memset.o)
[...]
Memory Configuration

Name             Origin             Length             Attributes
CCMRAM           0x0000000010000000 0x0000000000010000 xrw
RAM              0x0000000020000000 0x0000000000020000 xrw
FLASH            0x0000000008000000 0x0000000000100000 xr
*default*        0x0000000000000000 0xffffffffffffffff

Linker script and memory map

LOAD /opt/st/stm32cubeide_1.7.0/plugins/com.st.stm32cube.ide.mcu.externaltools.gnu-tools-for-stm32.9-2020-q2-update.linux64_2.0.0.202105311346/tools/bin/../lib/gcc/arm-none-eabi/9.3.1/thumb/v7e-m+fp/hard/crti.o
LOAD /opt/st/stm32cubeide_1.7.0/plugins/com.st.stm32cube.ide.mcu.externaltools.gnu-tools-for-stm32.9-2020-q2-update.linux64_2.0.0.202105311346/tools/bin/../lib/gcc/arm-none-eabi/9.3.1/thumb/v7e-m+fp/hard/crtbegin.o
LOAD /opt/st/stm32cubeide_1.7.0/plugins/com.st.stm32cube.ide.mcu.externaltools.gnu-tools-for-stm32.9-2020-q2-update.linux64_2.0.0.202105311346/tools/bin/../lib/gcc/arm-none-eabi/9.3.1/../../../../arm-none-eabi/lib/thumb/v7e-m+fp/hard/crt0.o
LOAD ./Core/Src/freertos.o
LOAD ./Core/Src/gpio.o
LOAD ./Core/Src/main.o
LOAD ./Core/Src/spi.o
LOAD ./Core/Src/stm32f4xx_hal_msp.o
LOAD ./Core/Src/stm32f4xx_hal_timebase_tim.o
LOAD ./Core/Src/stm32f4xx_it.o
LOAD ./Core/Src/syscalls.o
LOAD ./Core/Src/sysmem.o
LOAD ./Core/Src/system_stm32f4xx.o
LOAD ./Core/Startup/startup_stm32f407vgtx.o
LOAD ./CycloneTcp/common/cpu_endian.o
LOAD ./CycloneTcp/common/date_time.o
LOAD ./CycloneTcp/common/debug.o
LOAD ./CycloneTcp/common/os_port_freertos.o
LOAD ./CycloneTcp/common/path.o
LOAD ./CycloneTcp/common/str.o
LOAD ./CycloneTcp/cyclone_tcp/core/bsd_socket.o
LOAD ./CycloneTcp/cyclone_tcp/core/ethernet.o
LOAD ./CycloneTcp/cyclone_tcp/core/ethernet_misc.o
LOAD ./CycloneTcp/cyclone_tcp/core/ip.o
LOAD ./CycloneTcp/cyclone_tcp/core/net.o
LOAD ./CycloneTcp/cyclone_tcp/core/net_mem.o
LOAD ./CycloneTcp/cyclone_tcp/core/net_misc.o
LOAD ./CycloneTcp/cyclone_tcp/core/nic.o
LOAD ./CycloneTcp/cyclone_tcp/core/ping.o
LOAD ./CycloneTcp/cyclone_tcp/core/raw_socket.o
LOAD ./CycloneTcp/cyclone_tcp/core/socket.o
LOAD ./CycloneTcp/cyclone_tcp/core/socket_misc.o
LOAD ./CycloneTcp/cyclone_tcp/core/tcp.o
LOAD ./CycloneTcp/cyclone_tcp/core/tcp_fsm.o
LOAD ./CycloneTcp/cyclone_tcp/core/tcp_misc.o
LOAD ./CycloneTcp/cyclone_tcp/core/tcp_timer.o
LOAD ./CycloneTcp/cyclone_tcp/core/udp.o
LOAD ./CycloneTcp/cyclone_tcp/dhcp/dhcp_client.o
LOAD ./CycloneTcp/cyclone_tcp/dhcp/dhcp_client_fsm.o
LOAD ./CycloneTcp/cyclone_tcp/dhcp/dhcp_client_misc.o
LOAD ./CycloneTcp/cyclone_tcp/dhcp/dhcp_common.o
LOAD ./CycloneTcp/cyclone_tcp/dhcp/dhcp_debug.o
LOAD ./CycloneTcp/cyclone_tcp/dns/dns_cache.o
LOAD ./CycloneTcp/cyclone_tcp/dns/dns_client.o
LOAD ./CycloneTcp/cyclone_tcp/dns/dns_common.o
LOAD ./CycloneTcp/cyclone_tcp/dns/dns_debug.o
LOAD ./CycloneTcp/cyclone_tcp/dns_sd/dns_sd.o
LOAD ./CycloneTcp/cyclone_tcp/drivers/eth/enc28j60_driver.o
LOAD ./CycloneTcp/cyclone_tcp/http/http_client.o
LOAD ./CycloneTcp/cyclone_tcp/http/http_client_auth.o
LOAD ./CycloneTcp/cyclone_tcp/http/http_client_misc.o
LOAD ./CycloneTcp/cyclone_tcp/http/http_client_transport.o
LOAD ./CycloneTcp/cyclone_tcp/http/http_common.o
LOAD ./CycloneTcp/cyclone_tcp/http/mime.o
LOAD ./CycloneTcp/cyclone_tcp/ipv4/arp.o
LOAD ./CycloneTcp/cyclone_tcp/ipv4/auto_ip.o
LOAD ./CycloneTcp/cyclone_tcp/ipv4/auto_ip_misc.o
LOAD ./CycloneTcp/cyclone_tcp/ipv4/icmp.o
LOAD ./CycloneTcp/cyclone_tcp/ipv4/ipv4.o
LOAD ./CycloneTcp/cyclone_tcp/ipv4/ipv4_frag.o
LOAD ./CycloneTcp/cyclone_tcp/ipv4/ipv4_misc.o
LOAD ./CycloneTcp/cyclone_tcp/llmnr/llmnr_client.o
LOAD ./CycloneTcp/cyclone_tcp/llmnr/llmnr_common.o
LOAD ./CycloneTcp/cyclone_tcp/llmnr/llmnr_responder.o
LOAD ./CycloneTcp/cyclone_tcp/mdns/mdns_client.o
LOAD ./CycloneTcp/cyclone_tcp/mdns/mdns_common.o
LOAD ./CycloneTcp/cyclone_tcp/mdns/mdns_responder.o
LOAD ./CycloneTcp/cyclone_tcp/ppp/chap.o
LOAD ./CycloneTcp/cyclone_tcp/ppp/ipcp.o
LOAD ./CycloneTcp/cyclone_tcp/ppp/ipv6cp.o
LOAD ./CycloneTcp/cyclone_tcp/ppp/lcp.o
LOAD ./CycloneTcp/cyclone_tcp/ppp/pap.o
LOAD ./CycloneTcp/cyclone_tcp/ppp/ppp.o
LOAD ./CycloneTcp/cyclone_tcp/ppp/ppp_debug.o
LOAD ./CycloneTcp/cyclone_tcp/ppp/ppp_fsm.o
LOAD ./CycloneTcp/cyclone_tcp/ppp/ppp_hdlc.o
LOAD ./CycloneTcp/cyclone_tcp/ppp/ppp_misc.o
LOAD ./Drivers/STM32F4xx_HAL_Driver/Src/stm32f4xx_hal.o
LOAD ./Drivers/STM32F4xx_HAL_Driver/Src/stm32f4xx_hal_cortex.o
LOAD ./Drivers/STM32F4xx_HAL_Driver/Src/stm32f4xx_hal_dma.o
LOAD ./Drivers/STM32F4xx_HAL_Driver/Src/stm32f4xx_hal_dma_ex.o
LOAD ./Drivers/STM32F4xx_HAL_Driver/Src/stm32f4xx_hal_exti.o
LOAD ./Drivers/STM32F4xx_HAL_Driver/Src/stm32f4xx_hal_flash.o
LOAD ./Drivers/STM32F4xx_HAL_Driver/Src/stm32f4xx_hal_flash_ex.o
LOAD ./Drivers/STM32F4xx_HAL_Driver/Src/stm32f4xx_hal_flash_ramfunc.o
LOAD ./Drivers/STM32F4xx_HAL_Driver/Src/stm32f4xx_hal_gpio.o
LOAD ./Drivers/STM32F4xx_HAL_Driver/Src/stm32f4xx_hal_pwr.o
LOAD ./Drivers/STM32F4xx_HAL_Driver/Src/stm32f4xx_hal_pwr_ex.o
LOAD ./Drivers/STM32F4xx_HAL_Driver/Src/stm32f4xx_hal_rcc.o
LOAD ./Drivers/STM32F4xx_HAL_Driver/Src/stm32f4xx_hal_rcc_ex.o
LOAD ./Drivers/STM32F4xx_HAL_Driver/Src/stm32f4xx_hal_spi.o
LOAD ./Drivers/STM32F4xx_HAL_Driver/Src/stm32f4xx_hal_tim.o
LOAD ./Drivers/STM32F4xx_HAL_Driver/Src/stm32f4xx_hal_tim_ex.o
LOAD ./Middlewares/Third_Party/FreeRTOS/Source/CMSIS_RTOS/cmsis_os.o
LOAD ./Middlewares/Third_Party/FreeRTOS/Source/croutine.o
LOAD ./Middlewares/Third_Party/FreeRTOS/Source/event_groups.o
LOAD ./Middlewares/Third_Party/FreeRTOS/Source/list.o
LOAD ./Middlewares/Third_Party/FreeRTOS/Source/queue.o
LOAD ./Middlewares/Third_Party/FreeRTOS/Source/stream_buffer.o
LOAD ./Middlewares/Third_Party/FreeRTOS/Source/tasks.o
LOAD ./Middlewares/Third_Party/FreeRTOS/Source/timers.o
LOAD ./Middlewares/Third_Party/FreeRTOS/Source/portable/GCC/ARM_CM4F/port.o
LOAD ./Middlewares/Third_Party/FreeRTOS/Source/portable/MemMang/heap_4.o
LOAD ./STM32-CycloneTCP-ENC28J60-master/ext_int_driver.o
LOAD ./STM32-CycloneTCP-ENC28J60-master/spi_driver.o
START GROUP
LOAD /opt/st/stm32cubeide_1.7.0/plugins/com.st.stm32cube.ide.mcu.externaltools.gnu-tools-for-stm32.9-2020-q2-update.linux64_2.0.0.202105311346/tools/bin/../lib/gcc/arm-none-eabi/9.3.1/../../../../arm-none-eabi/lib/thumb/v7e-m+fp/hard/libc_nano.a
LOAD /opt/st/stm32cubeide_1.7.0/plugins/com.st.stm32cube.ide.mcu.externaltools.gnu-tools-for-stm32.9-2020-q2-update.linux64_2.0.0.202105311346/tools/bin/../lib/gcc/arm-none-eabi/9.3.1/../../../../arm-none-eabi/lib/thumb/v7e-m+fp/hard/libm.a
END GROUP
START GROUP
LOAD /opt/st/stm32cubeide_1.7.0/plugins/com.st.stm32cube.ide.mcu.externaltools.gnu-tools-for-stm32.9-2020-q2-update.linux64_2.0.0.202105311346/tools/bin/../lib/gcc/arm-none-eabi/9.3.1/thumb/v7e-m+fp/hard/libgcc.a
LOAD /opt/st/stm32cubeide_1.7.0/plugins/com.st.stm32cube.ide.mcu.externaltools.gnu-tools-for-stm32.9-2020-q2-update.linux64_2.0.0.202105311346/tools/bin/../lib/gcc/arm-none-eabi/9.3.1/../../../../arm-none-eabi/lib/thumb/v7e-m+fp/hard/libc_nano.a
END GROUP
START GROUP
LOAD /opt/st/stm32cubeide_1.7.0/plugins/com.st.stm32cube.ide.mcu.externaltools.gnu-tools-for-stm32.9-2020-q2-update.linux64_2.0.0.202105311346/tools/bin/../lib/gcc/arm-none-eabi/9.3.1/thumb/v7e-m+fp/hard/libgcc.a
LOAD /opt/st/stm32cubeide_1.7.0/plugins/com.st.stm32cube.ide.mcu.externaltools.gnu-tools-for-stm32.9-2020-q2-update.linux64_2.0.0.202105311346/tools/bin/../lib/gcc/arm-none-eabi/9.3.1/../../../../arm-none-eabi/lib/thumb/v7e-m+fp/hard/libc_nano.a
LOAD /opt/st/stm32cubeide_1.7.0/plugins/com.st.stm32cube.ide.mcu.externaltools.gnu-tools-for-stm32.9-2020-q2-update.linux64_2.0.0.202105311346/tools/bin/../lib/gcc/arm-none-eabi/9.3.1/../../../../arm-none-eabi/lib/thumb/v7e-m+fp/hard/libnosys.a
END GROUP
START GROUP
LOAD /opt/st/stm32cubeide_1.7.0/plugins/com.st.stm32cube.ide.mcu.externaltools.gnu-tools-for-stm32.9-2020-q2-update.linux64_2.0.0.202105311346/tools/bin/../lib/gcc/arm-none-eabi/9.3.1/thumb/v7e-m+fp/hard/libgcc.a
LOAD /opt/st/stm32cubeide_1.7.0/plugins/com.st.stm32cube.ide.mcu.externaltools.gnu-tools-for-stm32.9-2020-q2-update.linux64_2.0.0.202105311346/tools/bin/../lib/gcc/arm-none-eabi/9.3.1/../../../../arm-none-eabi/lib/thumb/v7e-m+fp/hard/libc_nano.a
LOAD /opt/st/stm32cubeide_1.7.0/plugins/com.st.stm32cube.ide.mcu.externaltools.gnu-tools-for-stm32.9-2020-q2-update.linux64_2.0.0.202105311346/tools/bin/../lib/gcc/arm-none-eabi/9.3.1/../../../../arm-none-eabi/lib/thumb/v7e-m+fp/hard/libnosys.a
END GROUP
LOAD /opt/st/stm32cubeide_1.7.0/plugins/com.st.stm32cube.ide.mcu.externaltools.gnu-tools-for-stm32.9-2020-q2-update.linux64_2.0.0.202105311346/tools/bin/../lib/gcc/arm-none-eabi/9.3.1/thumb/v7e-m+fp/hard/crtend.o
LOAD /opt/st/stm32cubeide_1.7.0/plugins/com.st.stm32cube.ide.mcu.externaltools.gnu-tools-for-stm32.9-2020-q2-update.linux64_2.0.0.202105311346/tools/bin/../lib/gcc/arm-none-eabi/9.3.1/thumb/v7e-m+fp/hard/crtn.o
                0x0000000020020000                _estack = (ORIGIN (RAM) + LENGTH (RAM))
                0x0000000000000200                _Min_Heap_Size = 0x200
                0x0000000000000400                _Min_Stack_Size = 0x400

.isr_vector     0x0000000008000000      0x188
                0x0000000008000000                . = ALIGN (0x4)
 *(.isr_vector)
 .isr_vector    0x0000000008000000      0x188 ./Core/Startup/startup_stm32f407vgtx.o
                0x0000000008000000                g_pfnVectors
                0x0000000008000188                . = ALIGN (0x4)

.text           0x0000000008000190     0xa63c
                0x0000000008000190                . = ALIGN (0x4)
 *(.text)
 .text          0x0000000008000190       0x40 /opt/st/stm32cubeide_1.7.0/plugins/com.st.stm32cube.ide.mcu.externaltools.gnu-tools-for-stm32.9-2020-q2-update.linux64_2.0.0.202105311346/tools/bin/../lib/gcc/arm-none-eabi/9.3.1/thumb/v7e-m+fp/hard/crtbegin.o
 .text          0x00000000080001d0       0x10 /opt/st/stm32cubeide_1.7.0/plugins/com.st.stm32cube.ide.mcu.externaltools.gnu-tools-for-stm32.9-2020-q2-update.linux64_2.0.0.202105311346/tools/bin/../lib/gcc/arm-none-eabi/9.3.1/../../../../arm-none-eabi/lib/thumb/v7e-m+fp/hard/libc_nano.a(lib_a-strlen.o)
                0x00000000080001d0                strlen
 .text          0x00000000080001e0       0xa0 /opt/st/stm32cubeide_1.7.0/plugins/com.st.stm32cube.ide.mcu.externaltools.gnu-tools-for-stm32.9-2020-q2-update.linux64_2.0.0.202105311346/tools/bin/../lib/gcc/arm-none-eabi/9.3.1/../../../../arm-none-eabi/lib/thumb/v7e-m+fp/hard/libc_nano.a(lib_a-memchr.o)
                0x00000000080001e0                memchr
 .text          0x0000000008000280       0x30 /opt/st/stm32cubeide_1.7.0/plugins/com.st.stm32cube.ide.mcu.externaltools.gnu-tools-for-stm32.9-2020-q2-update.linux64_2.0.0.202105311346/tools/bin/../lib/gcc/arm-none-eabi/9.3.1/thumb/v7e-m+fp/hard/libgcc.a(_aeabi_uldivmod.o)
                0x0000000008000280                __aeabi_uldivmod
 .text          0x00000000080002b0      0x2c4 /opt/st/stm32cubeide_1.7.0/plugins/com.st.stm32cube.ide.mcu.externaltools.gnu-tools-for-stm32.9-2020-q2-update.linux64_2.0.0.202105311346/tools/bin/../lib/gcc/arm-none-eabi/9.3.1/thumb/v7e-m+fp/hard/libgcc.a(_udivmoddi4.o)
                0x00000000080002b0                __udivmoddi4
 .text          0x0000000008000574        0x4 /opt/st/stm32cubeide_1.7.0/plugins/com.st.stm32cube.ide.mcu.externaltools.gnu-tools-for-stm32.9-2020-q2-update.linux64_2.0.0.202105311346/tools/bin/../lib/gcc/arm-none-eabi/9.3.1/thumb/v7e-m+fp/hard/libgcc.a(_dvmd_tls.o)
                0x0000000008000574                __aeabi_ldiv0
                0x0000000008000574                __aeabi_idiv0
 *(.text*)
 .text.vApplicationGetIdleTaskMemory
                0x0000000008000578       0x18 ./Core/Src/freertos.o
                0x0000000008000578                vApplicationGetIdleTaskMemory
 .text.MX_FREERTOS_Init
                0x0000000008000590       0xc4 ./Core/Src/freertos.o
                0x0000000008000590                MX_FREERTOS_Init
 .text.MX_GPIO_Init
                0x0000000008000654       0xdc ./Core/Src/gpio.o
                0x0000000008000654                MX_GPIO_Init
 .text.SystemClock_Config
                0x0000000008000730       0xa0 ./Core/Src/main.o
                0x0000000008000730                SystemClock_Config
 .text.startup.main
                0x00000000080007d0       0x5c ./Core/Src/main.o
                0x00000000080007d0                main
 .text.HAL_TIM_PeriodElapsedCallback
                0x000000000800082c       0x14 ./Core/Src/main.o
                0x000000000800082c                HAL_TIM_PeriodElapsedCallback
 .text.Error_Handler
                0x0000000008000840        0x4 ./Core/Src/main.o
                0x0000000008000840                Error_Handler
 .text.MX_SPI1_Init
                0x0000000008000844       0x44 ./Core/Src/spi.o
                0x0000000008000844                MX_SPI1_Init
 .text.MX_SPI2_Init
                0x0000000008000888       0x44 ./Core/Src/spi.o
                0x0000000008000888                MX_SPI2_Init
 .text.HAL_SPI_MspInit
                0x00000000080008cc       0xac ./Core/Src/spi.o
                0x00000000080008cc                HAL_SPI_MspInit
 .text.HAL_MspInit
                0x0000000008000978       0x40 ./Core/Src/stm32f4xx_hal_msp.o
                0x0000000008000978                HAL_MspInit
 .text.HAL_InitTick
                0x00000000080009b8       0x7c ./Core/Src/stm32f4xx_hal_timebase_tim.o
                0x00000000080009b8                HAL_InitTick
 .text.NMI_Handler
                0x0000000008000a34        0x2 ./Core/Src/stm32f4xx_it.o
                0x0000000008000a34                NMI_Handler
 .text.HardFault_Handler
                0x0000000008000a36        0x2 ./Core/Src/stm32f4xx_it.o
                0x0000000008000a36                HardFault_Handler
 .text.MemManage_Handler
                0x0000000008000a38        0x2 ./Core/Src/stm32f4xx_it.o
                0x0000000008000a38                MemManage_Handler
 .text.BusFault_Handler
                0x0000000008000a3a        0x2 ./Core/Src/stm32f4xx_it.o
                0x0000000008000a3a                BusFault_Handler
 .text.UsageFault_Handler
                0x0000000008000a3c        0x2 ./Core/Src/stm32f4xx_it.o
                0x0000000008000a3c                UsageFault_Handler
 .text.DebugMon_Handler
                0x0000000008000a3e        0x2 ./Core/Src/stm32f4xx_it.o
                0x0000000008000a3e                DebugMon_Handler
 .text.EXTI9_5_IRQHandler
                0x0000000008000a40        0x6 ./Core/Src/stm32f4xx_it.o
                0x0000000008000a40                EXTI9_5_IRQHandler
 *fill*         0x0000000008000a46        0x2 
 .text.TIM1_UP_TIM10_IRQHandler
                0x0000000008000a48        0xc ./Core/Src/stm32f4xx_it.o
                0x0000000008000a48                TIM1_UP_TIM10_IRQHandler
 .text._read    0x0000000008000a54       0x1a ./Core/Src/syscalls.o
                0x0000000008000a54                _read
 .text._write   0x0000000008000a6e       0x1a ./Core/Src/syscalls.o
                0x0000000008000a6e                _write
 .text._close   0x0000000008000a88        0x6 ./Core/Src/syscalls.o
                0x0000000008000a88                _close
 .text._fstat   0x0000000008000a8e        0xa ./Core/Src/syscalls.o
                0x0000000008000a8e                _fstat
 .text._isatty  0x0000000008000a98        0x4 ./Core/Src/syscalls.o
                0x0000000008000a98                _isatty
 .text._lseek   0x0000000008000a9c        0x4 ./Core/Src/syscalls.o
                0x0000000008000a9c                _lseek
 .text._sbrk    0x0000000008000aa0       0x40 ./Core/Src/sysmem.o
                0x0000000008000aa0                _sbrk
 .text.SystemInit
                0x0000000008000ae0       0x14 ./Core/Src/system_stm32f4xx.o
                0x0000000008000ae0                SystemInit
 .text.Reset_Handler
                0x0000000008000af4       0x50 ./Core/Startup/startup_stm32f407vgtx.o
                0x0000000008000af4                Reset_Handler
 .text.Default_Handler
                0x0000000008000b44        0x2 ./Core/Startup/startup_stm32f407vgtx.o
                0x0000000008000b44                RTC_Alarm_IRQHandler
                0x0000000008000b44                HASH_RNG_IRQHandler
                0x0000000008000b44                EXTI2_IRQHandler
                0x0000000008000b44                TIM8_CC_IRQHandler
                0x0000000008000b44                TIM1_CC_IRQHandler
                0x0000000008000b44                DMA2_Stream5_IRQHandler
                0x0000000008000b44                DMA1_Stream5_IRQHandler
                0x0000000008000b44                PVD_IRQHandler
                0x0000000008000b44                SDIO_IRQHandler
                0x0000000008000b44                TAMP_STAMP_IRQHandler
                0x0000000008000b44                CAN2_RX1_IRQHandler
                0x0000000008000b44                EXTI3_IRQHandler
                0x0000000008000b44                TIM8_TRG_COM_TIM14_IRQHandler
                0x0000000008000b44                TIM8_UP_TIM13_IRQHandler
                0x0000000008000b44                I2C3_ER_IRQHandler
                0x0000000008000b44                EXTI0_IRQHandler
                0x0000000008000b44                I2C2_EV_IRQHandler
                0x0000000008000b44                DMA1_Stream2_IRQHandler
                0x0000000008000b44                CAN1_RX0_IRQHandler
                0x0000000008000b44                FPU_IRQHandler
                0x0000000008000b44                OTG_HS_WKUP_IRQHandler
                0x0000000008000b44                CAN2_SCE_IRQHandler
                0x0000000008000b44                DMA2_Stream2_IRQHandler
                0x0000000008000b44                SPI1_IRQHandler
                0x0000000008000b44                TIM6_DAC_IRQHandler
                0x0000000008000b44                TIM1_BRK_TIM9_IRQHandler
                0x0000000008000b44                DCMI_IRQHandler
                0x0000000008000b44                CAN2_RX0_IRQHandler
                0x0000000008000b44                DMA2_Stream3_IRQHandler
                0x0000000008000b44                USART6_IRQHandler
                0x0000000008000b44                USART3_IRQHandler
                0x0000000008000b44                CAN1_RX1_IRQHandler
                0x0000000008000b44                UART5_IRQHandler
                0x0000000008000b44                DMA2_Stream0_IRQHandler
                0x0000000008000b44                TIM4_IRQHandler
                0x0000000008000b44                I2C1_EV_IRQHandler
                0x0000000008000b44                DMA1_Stream6_IRQHandler
                0x0000000008000b44                DMA1_Stream1_IRQHandler
                0x0000000008000b44                UART4_IRQHandler
                0x0000000008000b44                TIM3_IRQHandler
                0x0000000008000b44                RCC_IRQHandler
                0x0000000008000b44                TIM8_BRK_TIM12_IRQHandler
                0x0000000008000b44                Default_Handler
                0x0000000008000b44                EXTI15_10_IRQHandler
                0x0000000008000b44                ADC_IRQHandler
                0x0000000008000b44                DMA1_Stream7_IRQHandler
                0x0000000008000b44                TIM7_IRQHandler
                0x0000000008000b44                CAN2_TX_IRQHandler
                0x0000000008000b44                TIM5_IRQHandler
                0x0000000008000b44                DMA2_Stream7_IRQHandler
                0x0000000008000b44                I2C3_EV_IRQHandler
                0x0000000008000b44                RTC_WKUP_IRQHandler
                0x0000000008000b44                ETH_WKUP_IRQHandler
                0x0000000008000b44                SPI2_IRQHandler
                0x0000000008000b44                OTG_HS_EP1_IN_IRQHandler
                0x0000000008000b44                DMA1_Stream0_IRQHandler
                0x0000000008000b44                CAN1_TX_IRQHandler
                0x0000000008000b44                EXTI4_IRQHandler
                0x0000000008000b44                FSMC_IRQHandler
                0x0000000008000b44                ETH_IRQHandler
                0x0000000008000b44                OTG_HS_EP1_OUT_IRQHandler
                0x0000000008000b44                WWDG_IRQHandler
                0x0000000008000b44                TIM2_IRQHandler
                0x0000000008000b44                OTG_FS_WKUP_IRQHandler
                0x0000000008000b44                TIM1_TRG_COM_TIM11_IRQHandler
                0x0000000008000b44                OTG_HS_IRQHandler
                0x0000000008000b44                EXTI1_IRQHandler
                0x0000000008000b44                USART2_IRQHandler
                0x0000000008000b44                I2C2_ER_IRQHandler
                0x0000000008000b44                DMA2_Stream1_IRQHandler
                0x0000000008000b44                CAN1_SCE_IRQHandler
                0x0000000008000b44                FLASH_IRQHandler
                0x0000000008000b44                DMA2_Stream4_IRQHandler
                0x0000000008000b44                USART1_IRQHandler
                0x0000000008000b44                OTG_FS_IRQHandler
                0x0000000008000b44                SPI3_IRQHandler
                0x0000000008000b44                DMA1_Stream4_IRQHandler
                0x0000000008000b44                I2C1_ER_IRQHandler
                0x0000000008000b44                DMA2_Stream6_IRQHandler
                0x0000000008000b44                DMA1_Stream3_IRQHandler
 .text.swapInt16
                0x0000000008000b46        0x6 ./CycloneTcp/common/cpu_endian.o
                0x0000000008000b46                swapInt16
 .text.swapInt32
                0x0000000008000b4c        0x4 ./CycloneTcp/common/cpu_endian.o
                0x0000000008000b4c                swapInt32
 .text.formatSystemTime
                0x0000000008000b50       0x88 ./CycloneTcp/common/date_time.o
                0x0000000008000b50                formatSystemTime
 .text.osCreateTask
                0x0000000008000bd8       0x2c ./CycloneTcp/common/os_port_freertos.o
                0x0000000008000bd8                osCreateTask
 .text.osSuspendAllTasks
                0x0000000008000c04       0x14 ./CycloneTcp/common/os_port_freertos.o
                0x0000000008000c04                osSuspendAllTasks
 .text.osResumeAllTasks
                0x0000000008000c18       0x14 ./CycloneTcp/common/os_port_freertos.o
                0x0000000008000c18                osResumeAllTasks
 .text.osCreateEvent
                0x0000000008000c2c       0x20 ./CycloneTcp/common/os_port_freertos.o
                0x0000000008000c2c                osCreateEvent
 .text.osDeleteEvent
                0x0000000008000c4c        0xa ./CycloneTcp/common/os_port_freertos.o
                0x0000000008000c4c                osDeleteEvent
 .text.osSetEvent
                0x0000000008000c56        0xc ./CycloneTcp/common/os_port_freertos.o
                0x0000000008000c56                osSetEvent
 .text.osWaitForEvent
                0x0000000008000c62        0x6 ./CycloneTcp/common/os_port_freertos.o
                0x0000000008000c62                osWaitForEvent
 .text.osSetEventFromIsr
                0x0000000008000c68       0x16 ./CycloneTcp/common/os_port_freertos.o
                0x0000000008000c68                osSetEventFromIsr
 .text.osCreateMutex
                0x0000000008000c7e       0x16 ./CycloneTcp/common/os_port_freertos.o
                0x0000000008000c7e                osCreateMutex
 .text.osAcquireMutex
                0x0000000008000c94        0xa ./CycloneTcp/common/os_port_freertos.o
                0x0000000008000c94                osAcquireMutex
 .text.osReleaseMutex
                0x0000000008000c9e        0xc ./CycloneTcp/common/os_port_freertos.o
                0x0000000008000c9e                osReleaseMutex
 .text.osGetSystemTime
                0x0000000008000caa        0x4 ./CycloneTcp/common/os_port_freertos.o
                0x0000000008000caa                osGetSystemTime
 .text.osAllocMem
                0x0000000008000cae        0x4 ./CycloneTcp/common/os_port_freertos.o
                0x0000000008000cae                osAllocMem
 .text.osFreeMem
                0x0000000008000cb2        0x8 ./CycloneTcp/common/os_port_freertos.o
                0x0000000008000cb2                osFreeMem
 .text.strSafeCopy
                0x0000000008000cba       0x34 ./CycloneTcp/common/str.o
                0x0000000008000cba                strSafeCopy
 .text.ethInit  0x0000000008000cee       0x10 ./CycloneTcp/cyclone_tcp/core/ethernet.o
                0x0000000008000cee                ethInit
 *fill*         0x0000000008000cfe        0x2 
 .text.ethProcessFrame
                0x0000000008000d00       0xc8 ./CycloneTcp/cyclone_tcp/core/ethernet.o
                0x0000000008000d00                ethProcessFrame
 .text.ethSendFrame
                0x0000000008000dc8       0xd0 ./CycloneTcp/cyclone_tcp/core/ethernet.o
                0x0000000008000dc8                ethSendFrame
 .text.ethAcceptMacAddr
                0x0000000008000e98       0x6c ./CycloneTcp/cyclone_tcp/core/ethernet.o
                0x0000000008000e98                ethAcceptMacAddr
 .text.ethDropMacAddr
                0x0000000008000f04       0x5a ./CycloneTcp/cyclone_tcp/core/ethernet.o
                0x0000000008000f04                ethDropMacAddr
 .text.ethAllocBuffer
                0x0000000008000f5e       0x12 ./CycloneTcp/cyclone_tcp/core/ethernet.o
                0x0000000008000f5e                ethAllocBuffer
 .text.macStringToAddr
                0x0000000008000f70       0x78 ./CycloneTcp/cyclone_tcp/core/ethernet.o
                0x0000000008000f70                macStringToAddr
 .text.macAddrToEui64
                0x0000000008000fe8       0x26 ./CycloneTcp/cyclone_tcp/core/ethernet.o
                0x0000000008000fe8                macAddrToEui64
 *fill*         0x000000000800100e        0x2 
 .text.ethPadFrame
                0x0000000008001010       0x28 ./CycloneTcp/cyclone_tcp/core/ethernet_misc.o
                0x0000000008001010                ethPadFrame
 .text.ethCheckDestAddr
                0x0000000008001038       0x50 ./CycloneTcp/cyclone_tcp/core/ethernet_misc.o
                0x0000000008001038                ethCheckDestAddr
 .text.ethUpdateInStats
                0x0000000008001088        0x2 ./CycloneTcp/cyclone_tcp/core/ethernet_misc.o
                0x0000000008001088                ethUpdateInStats
 .text.ethUpdateOutStats
                0x000000000800108a        0x2 ./CycloneTcp/cyclone_tcp/core/ethernet_misc.o
                0x000000000800108a                ethUpdateOutStats
 .text.ethUpdateErrorStats
                0x000000000800108c        0x2 ./CycloneTcp/cyclone_tcp/core/ethernet_misc.o
                0x000000000800108c                ethUpdateErrorStats
 *fill*         0x000000000800108e        0x2 
 .text.ethCalcCrc
                0x0000000008001090       0x30 ./CycloneTcp/cyclone_tcp/core/ethernet_misc.o
                0x0000000008001090                ethCalcCrc
 .text.ethCalcCrcEx
                0x00000000080010c0       0x5c ./CycloneTcp/cyclone_tcp/core/ethernet_misc.o
                0x00000000080010c0                ethCalcCrcEx
 .text.ethCheckCrc
                0x000000000800111c       0x48 ./CycloneTcp/cyclone_tcp/core/ethernet_misc.o
                0x000000000800111c                ethCheckCrc
 .text.ipSendDatagram
                0x0000000008001164       0x1a ./CycloneTcp/cyclone_tcp/core/ip.o
                0x0000000008001164                ipSendDatagram
 .text.ipCalcChecksum
                0x000000000800117e       0x88 ./CycloneTcp/cyclone_tcp/core/ip.o
                0x000000000800117e                ipCalcChecksum
 .text.ipCalcChecksumEx
                0x0000000008001206       0x78 ./CycloneTcp/cyclone_tcp/core/ip.o
                0x0000000008001206                ipCalcChecksumEx
 .text.ipCalcUpperLayerChecksumEx
                0x000000000800127e       0x2a ./CycloneTcp/cyclone_tcp/core/ip.o
                0x000000000800127e                ipCalcUpperLayerChecksumEx
 .text.ipAllocBuffer
                0x00000000080012a8       0x14 ./CycloneTcp/cyclone_tcp/core/ip.o
                0x00000000080012a8                ipAllocBuffer
 .text.netTask  0x00000000080012bc       0xf4 ./CycloneTcp/cyclone_tcp/core/net.o
                0x00000000080012bc                netTask
 .text.netInit  0x00000000080013b0       0xdc ./CycloneTcp/cyclone_tcp/core/net.o
                0x00000000080013b0                netInit
 .text.netSetMacAddr
                0x000000000800148c       0x38 ./CycloneTcp/cyclone_tcp/core/net.o
                0x000000000800148c                netSetMacAddr
 .text.netSetInterfaceName
                0x00000000080014c4       0x30 ./CycloneTcp/cyclone_tcp/core/net.o
                0x00000000080014c4                netSetInterfaceName
 .text.netSetHostname
                0x00000000080014f4       0x30 ./CycloneTcp/cyclone_tcp/core/net.o
                0x00000000080014f4                netSetHostname
 .text.netSetDriver
                0x0000000008001524       0x24 ./CycloneTcp/cyclone_tcp/core/net.o
                0x0000000008001524                netSetDriver
 .text.netSetSpiDriver
                0x0000000008001548       0x24 ./CycloneTcp/cyclone_tcp/core/net.o
                0x0000000008001548                netSetSpiDriver
 .text.netSetExtIntDriver
                0x000000000800156c       0x24 ./CycloneTcp/cyclone_tcp/core/net.o
                0x000000000800156c                netSetExtIntDriver
 .text.netConfigInterface
                0x0000000008001590       0x98 ./CycloneTcp/cyclone_tcp/core/net.o
                0x0000000008001590                netConfigInterface
 .text.memPoolInit
                0x0000000008001628        0x4 ./CycloneTcp/cyclone_tcp/core/net_mem.o
                0x0000000008001628                memPoolInit
 .text.memPoolAlloc
                0x000000000800162c       0x2c ./CycloneTcp/cyclone_tcp/core/net_mem.o
                0x000000000800162c                memPoolAlloc
 .text.memPoolFree
                0x0000000008001658        0x4 ./CycloneTcp/cyclone_tcp/core/net_mem.o
                0x0000000008001658                memPoolFree
 .text.netBufferGetLength
                0x000000000800165c       0x1c ./CycloneTcp/cyclone_tcp/core/net_mem.o
                0x000000000800165c                netBufferGetLength
 .text.netBufferSetLength
                0x0000000008001678       0xb2 ./CycloneTcp/cyclone_tcp/core/net_mem.o
                0x0000000008001678                netBufferSetLength
 .text.netBufferFree
                0x000000000800172a       0x1a ./CycloneTcp/cyclone_tcp/core/net_mem.o
                0x000000000800172a                netBufferFree
 .text.netBufferAlloc
                0x0000000008001744       0x3a ./CycloneTcp/cyclone_tcp/core/net_mem.o
                0x0000000008001744                netBufferAlloc
 .text.netBufferAt
                0x000000000800177e       0x2a ./CycloneTcp/cyclone_tcp/core/net_mem.o
                0x000000000800177e                netBufferAt
 .text.netBufferConcat
                0x00000000080017a8       0x80 ./CycloneTcp/cyclone_tcp/core/net_mem.o
                0x00000000080017a8                netBufferConcat
 .text.netBufferCopy
                0x0000000008001828       0xbe ./CycloneTcp/cyclone_tcp/core/net_mem.o
                0x0000000008001828                netBufferCopy
 .text.netBufferAppend
                0x00000000080018e6       0x22 ./CycloneTcp/cyclone_tcp/core/net_mem.o
                0x00000000080018e6                netBufferAppend
 .text.netBufferWrite
                0x0000000008001908       0x58 ./CycloneTcp/cyclone_tcp/core/net_mem.o
                0x0000000008001908                netBufferWrite
 .text.netProcessLinkChange
                0x0000000008001960      0x164 ./CycloneTcp/cyclone_tcp/core/net_misc.o
                0x0000000008001960                netProcessLinkChange
 .text.netTick  0x0000000008001ac4       0xf8 ./CycloneTcp/cyclone_tcp/core/net_misc.o
                0x0000000008001ac4                netTick
 .text.netStartTimer
                0x0000000008001bbc       0x14 ./CycloneTcp/cyclone_tcp/core/net_misc.o
                0x0000000008001bbc                netStartTimer
 .text.netStopTimer
                0x0000000008001bd0        0x6 ./CycloneTcp/cyclone_tcp/core/net_misc.o
                0x0000000008001bd0                netStopTimer
 .text.netTimerRunning
                0x0000000008001bd6        0x4 ./CycloneTcp/cyclone_tcp/core/net_misc.o
                0x0000000008001bd6                netTimerRunning
 .text.netTimerExpired
                0x0000000008001bda       0x1c ./CycloneTcp/cyclone_tcp/core/net_misc.o
                0x0000000008001bda                netTimerExpired
 .text.netGetRandBit
                0x0000000008001bf6       0xaa ./CycloneTcp/cyclone_tcp/core/net_misc.o
                0x0000000008001bf6                netGetRandBit
 .text.netInitRand
                0x0000000008001ca0       0x90 ./CycloneTcp/cyclone_tcp/core/net_misc.o
                0x0000000008001ca0                netInitRand
 .text.netGetRand
                0x0000000008001d30       0x2c ./CycloneTcp/cyclone_tcp/core/net_misc.o
                0x0000000008001d30                netGetRand
 .text.netGetRandRange
                0x0000000008001d5c       0x20 ./CycloneTcp/cyclone_tcp/core/net_misc.o
                0x0000000008001d5c                netGetRandRange
 .text.nicGetLogicalInterface
                0x0000000008001d7c        0x2 ./CycloneTcp/cyclone_tcp/core/nic.o
                0x0000000008001d7c                nicGetLogicalInterface
 .text.nicGetPhysicalInterface
                0x0000000008001d7e        0x2 ./CycloneTcp/cyclone_tcp/core/nic.o
                0x0000000008001d7e                nicGetPhysicalInterface
 .text.nicTick  0x0000000008001d80       0x28 ./CycloneTcp/cyclone_tcp/core/nic.o
                0x0000000008001d80                nicTick
 .text.nicSendPacket
                0x0000000008001da8       0x78 ./CycloneTcp/cyclone_tcp/core/nic.o
                0x0000000008001da8                nicSendPacket
 .text.nicUpdateMacAddrFilter
                0x0000000008001e20       0x2c ./CycloneTcp/cyclone_tcp/core/nic.o
                0x0000000008001e20                nicUpdateMacAddrFilter
 .text.nicProcessPacket
                0x0000000008001e4c       0x54 ./CycloneTcp/cyclone_tcp/core/nic.o
                0x0000000008001e4c                nicProcessPacket
 .text.nicNotifyLinkChange
                0x0000000008001ea0       0x44 ./CycloneTcp/cyclone_tcp/core/nic.o
                0x0000000008001ea0                nicNotifyLinkChange
 .text.rawSocketUpdateEvents
                0x0000000008001ee4       0x56 ./CycloneTcp/cyclone_tcp/core/raw_socket.o
                0x0000000008001ee4                rawSocketUpdateEvents
 *fill*         0x0000000008001f3a        0x2 
 .text.rawSocketProcessIpPacket
                0x0000000008001f3c      0x134 ./CycloneTcp/cyclone_tcp/core/raw_socket.o
                0x0000000008001f3c                rawSocketProcessIpPacket
 .text.rawSocketProcessEthPacket
                0x0000000008002070      0x114 ./CycloneTcp/cyclone_tcp/core/raw_socket.o
                0x0000000008002070                rawSocketProcessEthPacket
 .text.socketInit
                0x0000000008002184       0x54 ./CycloneTcp/cyclone_tcp/core/socket.o
                0x0000000008002184                socketInit
 .text.tcpInit  0x00000000080021d8        0xc ./CycloneTcp/cyclone_tcp/core/tcp.o
                0x00000000080021d8                tcpInit
 .text.tcpStateClosed
                0x00000000080021e4       0x16 ./CycloneTcp/cyclone_tcp/core/tcp_fsm.o
                0x00000000080021e4                tcpStateClosed
 .text.tcpStateListen
                0x00000000080021fa       0xec ./CycloneTcp/cyclone_tcp/core/tcp_fsm.o
                0x00000000080021fa                tcpStateListen
 .text.tcpStateSynSent
                0x00000000080022e6      0x104 ./CycloneTcp/cyclone_tcp/core/tcp_fsm.o
                0x00000000080022e6                tcpStateSynSent
 .text.tcpStateEstablished
                0x00000000080023ea       0xa4 ./CycloneTcp/cyclone_tcp/core/tcp_fsm.o
                0x00000000080023ea                tcpStateEstablished
 .text.tcpStateSynReceived
                0x000000000800248e       0x80 ./CycloneTcp/cyclone_tcp/core/tcp_fsm.o
                0x000000000800248e                tcpStateSynReceived
 .text.tcpStateCloseWait
                0x000000000800250e       0x50 ./CycloneTcp/cyclone_tcp/core/tcp_fsm.o
                0x000000000800250e                tcpStateCloseWait
 .text.tcpStateLastAck
                0x000000000800255e       0x3e ./CycloneTcp/cyclone_tcp/core/tcp_fsm.o
                0x000000000800255e                tcpStateLastAck
 .text.tcpStateFinWait1
                0x000000000800259c       0xca ./CycloneTcp/cyclone_tcp/core/tcp_fsm.o
                0x000000000800259c                tcpStateFinWait1
 .text.tcpStateFinWait2
                0x0000000008002666       0x9a ./CycloneTcp/cyclone_tcp/core/tcp_fsm.o
                0x0000000008002666                tcpStateFinWait2
 .text.tcpStateClosing
                0x0000000008002700       0x5a ./CycloneTcp/cyclone_tcp/core/tcp_fsm.o
                0x0000000008002700                tcpStateClosing
 .text.tcpStateTimeWait
                0x000000000800275a       0x6c ./CycloneTcp/cyclone_tcp/core/tcp_fsm.o
                0x000000000800275a                tcpStateTimeWait
 *fill*         0x00000000080027c6        0x2 
 .text.tcpProcessSegment
                0x00000000080027c8      0x270 ./CycloneTcp/cyclone_tcp/core/tcp_fsm.o
                0x00000000080027c8                tcpProcessSegment
 .text.tcpRejectSegment
                0x0000000008002a38      0x104 ./CycloneTcp/cyclone_tcp/core/tcp_misc.o
                0x0000000008002a38                tcpRejectSegment
 .text.tcpAddOption
                0x0000000008002b3c       0x64 ./CycloneTcp/cyclone_tcp/core/tcp_misc.o
                0x0000000008002b3c                tcpAddOption
 .text.tcpGetOption
                0x0000000008002ba0       0x4a ./CycloneTcp/cyclone_tcp/core/tcp_misc.o
                0x0000000008002ba0                tcpGetOption
 .text.tcpIsDuplicateSyn
                0x0000000008002bea       0x3c ./CycloneTcp/cyclone_tcp/core/tcp_misc.o
                0x0000000008002bea                tcpIsDuplicateSyn
 .text.tcpIsDuplicateAck
                0x0000000008002c26       0x34 ./CycloneTcp/cyclone_tcp/core/tcp_misc.o
                0x0000000008002c26                tcpIsDuplicateAck
 .text.tcpUpdateRetransmitQueue
                0x0000000008002c5a       0x8c ./CycloneTcp/cyclone_tcp/core/tcp_misc.o
                0x0000000008002c5a                tcpUpdateRetransmitQueue
 .text.tcpFlushRetransmitQueue
                0x0000000008002ce6       0x24 ./CycloneTcp/cyclone_tcp/core/tcp_misc.o
                0x0000000008002ce6                tcpFlushRetransmitQueue
 .text.tcpFlushSynQueue
                0x0000000008002d0a       0x1a ./CycloneTcp/cyclone_tcp/core/tcp_misc.o
                0x0000000008002d0a                tcpFlushSynQueue
 .text.tcpDeleteControlBlock
                0x0000000008002d24       0x26 ./CycloneTcp/cyclone_tcp/core/tcp_misc.o
                0x0000000008002d24                tcpDeleteControlBlock
 .text.tcpUpdateSackBlocks
                0x0000000008002d4a       0xb0 ./CycloneTcp/cyclone_tcp/core/tcp_misc.o
                0x0000000008002d4a                tcpUpdateSackBlocks
 .text.tcpUpdateSendWindow
                0x0000000008002dfa       0x8a ./CycloneTcp/cyclone_tcp/core/tcp_misc.o
                0x0000000008002dfa                tcpUpdateSendWindow
 .text.tcpComputeRto
                0x0000000008002e84       0x88 ./CycloneTcp/cyclone_tcp/core/tcp_misc.o
                0x0000000008002e84                tcpComputeRto
 .text.tcpUpdateEvents
                0x0000000008002f0c      0x102 ./CycloneTcp/cyclone_tcp/core/tcp_misc.o
                0x0000000008002f0c                tcpUpdateEvents
 .text.tcpChangeState
                0x000000000800300e       0x24 ./CycloneTcp/cyclone_tcp/core/tcp_misc.o
                0x000000000800300e                tcpChangeState
 .text.tcpReadTxBuffer
                0x0000000008003032       0x54 ./CycloneTcp/cyclone_tcp/core/tcp_misc.o
                0x0000000008003032                tcpReadTxBuffer
 *fill*         0x0000000008003086        0x2 
 .text.tcpSendSegment
                0x0000000008003088      0x1dc ./CycloneTcp/cyclone_tcp/core/tcp_misc.o
                0x0000000008003088                tcpSendSegment
 .text.tcpSendResetSegment
                0x0000000008003264       0x2a ./CycloneTcp/cyclone_tcp/core/tcp_misc.o
                0x0000000008003264                tcpSendResetSegment
 .text.tcpCheckSeqNum
                0x000000000800328e       0x66 ./CycloneTcp/cyclone_tcp/core/tcp_misc.o
                0x000000000800328e                tcpCheckSeqNum
 .text.tcpCheckSyn
                0x00000000080032f4       0x38 ./CycloneTcp/cyclone_tcp/core/tcp_misc.o
                0x00000000080032f4                tcpCheckSyn
 .text.tcpNagleAlgo
                0x000000000800332c       0xd0 ./CycloneTcp/cyclone_tcp/core/tcp_misc.o
                0x000000000800332c                tcpNagleAlgo
 .text.tcpRetransmitSegment
                0x00000000080033fc       0xac ./CycloneTcp/cyclone_tcp/core/tcp_misc.o
                0x00000000080033fc                tcpRetransmitSegment
 .text.tcpFastRetransmit
                0x00000000080034a8       0x40 ./CycloneTcp/cyclone_tcp/core/tcp_misc.o
                0x00000000080034a8                tcpFastRetransmit
 .text.tcpFastRecovery
                0x00000000080034e8       0x4a ./CycloneTcp/cyclone_tcp/core/tcp_misc.o
                0x00000000080034e8                tcpFastRecovery
 .text.tcpFastLossRecovery
                0x0000000008003532       0x20 ./CycloneTcp/cyclone_tcp/core/tcp_misc.o
                0x0000000008003532                tcpFastLossRecovery
 .text.tcpCheckAck
                0x0000000008003552      0x162 ./CycloneTcp/cyclone_tcp/core/tcp_misc.o
                0x0000000008003552                tcpCheckAck
 .text.tcpWriteRxBuffer
                0x00000000080036b4       0x5a ./CycloneTcp/cyclone_tcp/core/tcp_misc.o
                0x00000000080036b4                tcpWriteRxBuffer
 .text.tcpProcessSegmentData
                0x000000000800370e       0xa4 ./CycloneTcp/cyclone_tcp/core/tcp_misc.o
                0x000000000800370e                tcpProcessSegmentData
 .text.tcpDumpHeader
                0x00000000080037b2        0x2 ./CycloneTcp/cyclone_tcp/core/tcp_misc.o
                0x00000000080037b2                tcpDumpHeader
 .text.tcpCheckRetransmitTimer
                0x00000000080037b4       0xa6 ./CycloneTcp/cyclone_tcp/core/tcp_timer.o
                0x00000000080037b4                tcpCheckRetransmitTimer
 .text.tcpCheckPersistTimer
                0x000000000800385a       0x80 ./CycloneTcp/cyclone_tcp/core/tcp_timer.o
                0x000000000800385a                tcpCheckPersistTimer
 .text.tcpCheckOverrideTimer
                0x00000000080038da       0xb6 ./CycloneTcp/cyclone_tcp/core/tcp_timer.o
                0x00000000080038da                tcpCheckOverrideTimer
 .text.tcpCheckFinWait2Timer
                0x0000000008003990       0x24 ./CycloneTcp/cyclone_tcp/core/tcp_timer.o
                0x0000000008003990                tcpCheckFinWait2Timer
 .text.tcpCheckTimeWaitTimer
                0x00000000080039b4       0x2e ./CycloneTcp/cyclone_tcp/core/tcp_timer.o
                0x00000000080039b4                tcpCheckTimeWaitTimer
 *fill*         0x00000000080039e2        0x2 
 .text.tcpTick  0x00000000080039e4       0x40 ./CycloneTcp/cyclone_tcp/core/tcp_timer.o
                0x00000000080039e4                tcpTick
 .text.udpInit  0x0000000008003a24       0x20 ./CycloneTcp/cyclone_tcp/core/udp.o
                0x0000000008003a24                udpInit
 .text.udpSendBuffer
                0x0000000008003a44       0xdc ./CycloneTcp/cyclone_tcp/core/udp.o
                0x0000000008003a44                udpSendBuffer
 .text.udpAllocBuffer
                0x0000000008003b20       0x14 ./CycloneTcp/cyclone_tcp/core/udp.o
                0x0000000008003b20                udpAllocBuffer
 .text.udpUpdateEvents
                0x0000000008003b34       0x56 ./CycloneTcp/cyclone_tcp/core/udp.o
                0x0000000008003b34                udpUpdateEvents
 *fill*         0x0000000008003b8a        0x2 
 .text.udpAttachRxCallback
                0x0000000008003b8c       0x30 ./CycloneTcp/cyclone_tcp/core/udp.o
                0x0000000008003b8c                udpAttachRxCallback
 .text.udpDetachRxCallback
                0x0000000008003bbc       0x30 ./CycloneTcp/cyclone_tcp/core/udp.o
                0x0000000008003bbc                udpDetachRxCallback
 .text.udpInvokeRxCallback
                0x0000000008003bec       0x5c ./CycloneTcp/cyclone_tcp/core/udp.o
                0x0000000008003bec                udpInvokeRxCallback
 .text.udpProcessDatagram
                0x0000000008003c48      0x1b0 ./CycloneTcp/cyclone_tcp/core/udp.o
                0x0000000008003c48                udpProcessDatagram
 .text.dhcpClientStateInit
                0x0000000008003df8       0x3a ./CycloneTcp/cyclone_tcp/dhcp/dhcp_client_fsm.o
                0x0000000008003df8                dhcpClientStateInit
 *fill*         0x0000000008003e32        0x2 
 .text.dhcpClientStateSelecting
                0x0000000008003e34       0x68 ./CycloneTcp/cyclone_tcp/dhcp/dhcp_client_fsm.o
                0x0000000008003e34                dhcpClientStateSelecting
 .text.dhcpClientStateRequesting
                0x0000000008003e9c       0x8c ./CycloneTcp/cyclone_tcp/dhcp/dhcp_client_fsm.o
                0x0000000008003e9c                dhcpClientStateRequesting
 .text.dhcpClientStateInitReboot
                0x0000000008003f28       0x3a ./CycloneTcp/cyclone_tcp/dhcp/dhcp_client_fsm.o
                0x0000000008003f28                dhcpClientStateInitReboot
 .text.dhcpClientStateRebooting
                0x0000000008003f62        0x4 ./CycloneTcp/cyclone_tcp/dhcp/dhcp_client_fsm.o
                0x0000000008003f62                dhcpClientStateRebooting
 .text.dhcpClientStateProbing
                0x0000000008003f66       0x6a ./CycloneTcp/cyclone_tcp/dhcp/dhcp_client_fsm.o
                0x0000000008003f66                dhcpClientStateProbing
 .text.dhcpClientStateBound
                0x0000000008003fd0       0x40 ./CycloneTcp/cyclone_tcp/dhcp/dhcp_client_fsm.o
                0x0000000008003fd0                dhcpClientStateBound
 .text.dhcpClientStateRenewing
                0x0000000008004010       0x74 ./CycloneTcp/cyclone_tcp/dhcp/dhcp_client_fsm.o
                0x0000000008004010                dhcpClientStateRenewing
 .text.dhcpClientStateRebinding
                0x0000000008004084       0x78 ./CycloneTcp/cyclone_tcp/dhcp/dhcp_client_fsm.o
                0x0000000008004084                dhcpClientStateRebinding
 .text.dhcpClientTick
                0x00000000080040fc       0x44 ./CycloneTcp/cyclone_tcp/dhcp/dhcp_client_misc.o
                0x00000000080040fc                dhcpClientTick
 .text.dhcpClientSendDecline
                0x0000000008004140      0x14c ./CycloneTcp/cyclone_tcp/dhcp/dhcp_client_misc.o
                0x0000000008004140                dhcpClientSendDecline
 .text.dhcpClientCheckTimeout
                0x000000000800428c       0x3c ./CycloneTcp/cyclone_tcp/dhcp/dhcp_client_misc.o
                0x000000000800428c                dhcpClientCheckTimeout
 .text.dhcpClientComputeElapsedTime
                0x00000000080042c8       0x28 ./CycloneTcp/cyclone_tcp/dhcp/dhcp_client_misc.o
                0x00000000080042c8                dhcpClientComputeElapsedTime
 .text.dhcpClientSendDiscover
                0x00000000080042f0      0x138 ./CycloneTcp/cyclone_tcp/dhcp/dhcp_client_misc.o
                0x00000000080042f0                dhcpClientSendDiscover
 .text.dhcpClientSendRequest
                0x0000000008004428      0x1c4 ./CycloneTcp/cyclone_tcp/dhcp/dhcp_client_misc.o
                0x0000000008004428                dhcpClientSendRequest
 .text.dhcpClientChangeState
                0x00000000080045ec       0x84 ./CycloneTcp/cyclone_tcp/dhcp/dhcp_client_misc.o
                0x00000000080045ec                dhcpClientChangeState
 .text.dhcpClientResetConfig
                0x0000000008004670       0x22 ./CycloneTcp/cyclone_tcp/dhcp/dhcp_client_misc.o
                0x0000000008004670                dhcpClientResetConfig
 *fill*         0x0000000008004692        0x2 
 .text.dhcpClientLinkChangeEvent
                0x0000000008004694       0x48 ./CycloneTcp/cyclone_tcp/dhcp/dhcp_client_misc.o
                0x0000000008004694                dhcpClientLinkChangeEvent
 .text.dhcpClientDumpConfig
                0x00000000080046dc      0x1a0 ./CycloneTcp/cyclone_tcp/dhcp/dhcp_client_misc.o
                0x00000000080046dc                dhcpClientDumpConfig
 .text.dhcpAddOption
                0x000000000800487c       0x5a ./CycloneTcp/cyclone_tcp/dhcp/dhcp_common.o
                0x000000000800487c                dhcpAddOption
 .text.dhcpGetOption
                0x00000000080048d6       0x3a ./CycloneTcp/cyclone_tcp/dhcp/dhcp_common.o
                0x00000000080048d6                dhcpGetOption
 .text.dnsInit  0x0000000008004910       0x18 ./CycloneTcp/cyclone_tcp/dns/dns_cache.o
                0x0000000008004910                dnsInit
 .text.dnsDeleteEntry
                0x0000000008004928       0x20 ./CycloneTcp/cyclone_tcp/dns/dns_cache.o
                0x0000000008004928                dnsDeleteEntry
 .text.dnsFlushCache
                0x0000000008004948       0x28 ./CycloneTcp/cyclone_tcp/dns/dns_cache.o
                0x0000000008004948                dnsFlushCache
 .text.dnsTick  0x0000000008004970       0x94 ./CycloneTcp/cyclone_tcp/dns/dns_cache.o
                0x0000000008004970                dnsTick
 .text.dnsSendQuery
                0x0000000008004a04      0x108 ./CycloneTcp/cyclone_tcp/dns/dns_client.o
                0x0000000008004a04                dnsSendQuery
 .text.dnsEncodeName
                0x0000000008004b0c       0x4a ./CycloneTcp/cyclone_tcp/dns/dns_common.o
                0x0000000008004b0c                dnsEncodeName
 *fill*         0x0000000008004b56        0x2 
 .text.dnsParseName
                0x0000000008004b58       0x98 ./CycloneTcp/cyclone_tcp/dns/dns_common.o
                0x0000000008004b58                dnsParseName
 .text.dnsCompareName
                0x0000000008004bf0       0x84 ./CycloneTcp/cyclone_tcp/dns/dns_common.o
                0x0000000008004bf0                dnsCompareName
 .text.enc28j60Tick
                0x0000000008004c74        0x2 ./CycloneTcp/cyclone_tcp/drivers/eth/enc28j60_driver.o
                0x0000000008004c74                enc28j60Tick
 .text.enc28j60EnableIrq
                0x0000000008004c76        0x6 ./CycloneTcp/cyclone_tcp/drivers/eth/enc28j60_driver.o
                0x0000000008004c76                enc28j60EnableIrq
 .text.enc28j60DisableIrq
                0x0000000008004c7c        0x6 ./CycloneTcp/cyclone_tcp/drivers/eth/enc28j60_driver.o
                0x0000000008004c7c                enc28j60DisableIrq
 .text.enc28j60SoftReset
                0x0000000008004c82       0x1c ./CycloneTcp/cyclone_tcp/drivers/eth/enc28j60_driver.o
                0x0000000008004c82                enc28j60SoftReset
 .text.enc28j60WriteBuffer
                0x0000000008004c9e       0x64 ./CycloneTcp/cyclone_tcp/drivers/eth/enc28j60_driver.o
                0x0000000008004c9e                enc28j60WriteBuffer
 .text.enc28j60ReadBuffer
                0x0000000008004d02       0x32 ./CycloneTcp/cyclone_tcp/drivers/eth/enc28j60_driver.o
                0x0000000008004d02                enc28j60ReadBuffer
 .text.enc28j60SetBit
                0x0000000008004d34       0x2e ./CycloneTcp/cyclone_tcp/drivers/eth/enc28j60_driver.o
                0x0000000008004d34                enc28j60SetBit
 .text.enc28j60ClearBit
                0x0000000008004d62       0x2e ./CycloneTcp/cyclone_tcp/drivers/eth/enc28j60_driver.o
                0x0000000008004d62                enc28j60ClearBit
 .text.enc28j60SelectBank
                0x0000000008004d90       0x56 ./CycloneTcp/cyclone_tcp/drivers/eth/enc28j60_driver.o
                0x0000000008004d90                enc28j60SelectBank
 .text.enc28j60WriteReg
                0x0000000008004de6       0x32 ./CycloneTcp/cyclone_tcp/drivers/eth/enc28j60_driver.o
                0x0000000008004de6                enc28j60WriteReg
 .text.enc28j60ReadReg
                0x0000000008004e18       0x3e ./CycloneTcp/cyclone_tcp/drivers/eth/enc28j60_driver.o
                0x0000000008004e18                enc28j60ReadReg
 *fill*         0x0000000008004e56        0x2 
 .text.enc28j60ReceivePacket
                0x0000000008004e58       0xfc ./CycloneTcp/cyclone_tcp/drivers/eth/enc28j60_driver.o
                0x0000000008004e58                enc28j60ReceivePacket
 .text.enc28j60WritePhyReg
                0x0000000008004f54       0x3a ./CycloneTcp/cyclone_tcp/drivers/eth/enc28j60_driver.o
                0x0000000008004f54                enc28j60WritePhyReg
 .text.enc28j60ReadPhyReg
                0x0000000008004f8e       0x54 ./CycloneTcp/cyclone_tcp/drivers/eth/enc28j60_driver.o
                0x0000000008004f8e                enc28j60ReadPhyReg
 *fill*         0x0000000008004fe2        0x2 
 .text.enc28j60Init
                0x0000000008004fe4      0x268 ./CycloneTcp/cyclone_tcp/drivers/eth/enc28j60_driver.o
                0x0000000008004fe4                enc28j60Init
 .text.enc28j60SendPacket
                0x000000000800524c       0xb0 ./CycloneTcp/cyclone_tcp/drivers/eth/enc28j60_driver.o
                0x000000000800524c                enc28j60SendPacket
 .text.enc28j60IrqHandler
                0x00000000080052fc       0x84 ./CycloneTcp/cyclone_tcp/drivers/eth/enc28j60_driver.o
                0x00000000080052fc                enc28j60IrqHandler
 .text.enc28j60EventHandler
                0x0000000008005380       0x88 ./CycloneTcp/cyclone_tcp/drivers/eth/enc28j60_driver.o
                0x0000000008005380                enc28j60EventHandler
 .text.enc28j60CalcCrc
                0x0000000008005408       0x3c ./CycloneTcp/cyclone_tcp/drivers/eth/enc28j60_driver.o
                0x0000000008005408                enc28j60CalcCrc
 .text.enc28j60UpdateMacAddrFilter
                0x0000000008005444       0xb6 ./CycloneTcp/cyclone_tcp/drivers/eth/enc28j60_driver.o
                0x0000000008005444                enc28j60UpdateMacAddrFilter
 .text.arpInit  0x00000000080054fa       0x14 ./CycloneTcp/cyclone_tcp/ipv4/arp.o
                0x00000000080054fa                arpInit
 .text.arpFindEntry
                0x000000000800550e       0x2e ./CycloneTcp/cyclone_tcp/ipv4/arp.o
                0x000000000800550e                arpFindEntry
 .text.arpSendQueuedPackets
                0x000000000800553c       0x64 ./CycloneTcp/cyclone_tcp/ipv4/arp.o
                0x000000000800553c                arpSendQueuedPackets
 .text.arpFlushQueuedPackets
                0x00000000080055a0       0x2a ./CycloneTcp/cyclone_tcp/ipv4/arp.o
                0x00000000080055a0                arpFlushQueuedPackets
 .text.arpFlushCache
                0x00000000080055ca       0x1e ./CycloneTcp/cyclone_tcp/ipv4/arp.o
                0x00000000080055ca                arpFlushCache
 .text.arpCreateEntry
                0x00000000080055e8       0x4c ./CycloneTcp/cyclone_tcp/ipv4/arp.o
                0x00000000080055e8                arpCreateEntry
 .text.arpEnqueuePacket
                0x0000000008005634       0xa0 ./CycloneTcp/cyclone_tcp/ipv4/arp.o
                0x0000000008005634                arpEnqueuePacket
 .text.arpProcessReply
                0x00000000080056d4       0xb4 ./CycloneTcp/cyclone_tcp/ipv4/arp.o
                0x00000000080056d4                arpProcessReply
 .text.arpSendProbe
                0x0000000008005788       0xb4 ./CycloneTcp/cyclone_tcp/ipv4/arp.o
                0x0000000008005788                arpSendProbe
 .text.arpSendRequest
                0x000000000800583c       0xbc ./CycloneTcp/cyclone_tcp/ipv4/arp.o
                0x000000000800583c                arpSendRequest
 .text.arpResolve
                0x00000000080058f8       0x74 ./CycloneTcp/cyclone_tcp/ipv4/arp.o
                0x00000000080058f8                arpResolve
 .text.arpTick  0x000000000800596c       0xec ./CycloneTcp/cyclone_tcp/ipv4/arp.o
                0x000000000800596c                arpTick
 .text.arpSendReply
                0x0000000008005a58       0xa8 ./CycloneTcp/cyclone_tcp/ipv4/arp.o
                0x0000000008005a58                arpSendReply
 .text.arpProcessRequest
                0x0000000008005b00       0x60 ./CycloneTcp/cyclone_tcp/ipv4/arp.o
                0x0000000008005b00                arpProcessRequest
 .text.arpProcessPacket
                0x0000000008005b60       0x88 ./CycloneTcp/cyclone_tcp/ipv4/arp.o
                0x0000000008005b60                arpProcessPacket
 .text.icmpProcessEchoRequest
                0x0000000008005be8       0xf4 ./CycloneTcp/cyclone_tcp/ipv4/icmp.o
                0x0000000008005be8                icmpProcessEchoRequest
 .text.icmpProcessMessage
                0x0000000008005cdc       0x4a ./CycloneTcp/cyclone_tcp/ipv4/icmp.o
                0x0000000008005cdc                icmpProcessMessage
 *fill*         0x0000000008005d26        0x2 
 .text.icmpSendErrorMessage
                0x0000000008005d28      0x11c ./CycloneTcp/cyclone_tcp/ipv4/icmp.o
                0x0000000008005d28                icmpSendErrorMessage
 .text.ipv4Init
                0x0000000008005e44       0x52 ./CycloneTcp/cyclone_tcp/ipv4/ipv4.o
                0x0000000008005e44                ipv4Init
 *fill*         0x0000000008005e96        0x2 
 .text.ipv4SetHostAddrEx
                0x0000000008005e98       0x4c ./CycloneTcp/cyclone_tcp/ipv4/ipv4.o
                0x0000000008005e98                ipv4SetHostAddrEx
 .text.ipv4SetHostAddr
                0x0000000008005ee4        0x8 ./CycloneTcp/cyclone_tcp/ipv4/ipv4.o
                0x0000000008005ee4                ipv4SetHostAddr
 .text.ipv4SetSubnetMaskEx
                0x0000000008005eec       0x30 ./CycloneTcp/cyclone_tcp/ipv4/ipv4.o
                0x0000000008005eec                ipv4SetSubnetMaskEx
 .text.ipv4SetSubnetMask
                0x0000000008005f1c        0x8 ./CycloneTcp/cyclone_tcp/ipv4/ipv4.o
                0x0000000008005f1c                ipv4SetSubnetMask
 .text.ipv4SetDefaultGatewayEx
                0x0000000008005f24       0x3c ./CycloneTcp/cyclone_tcp/ipv4/ipv4.o
                0x0000000008005f24                ipv4SetDefaultGatewayEx
 .text.ipv4SetDefaultGateway
                0x0000000008005f60        0x8 ./CycloneTcp/cyclone_tcp/ipv4/ipv4.o
                0x0000000008005f60                ipv4SetDefaultGateway
 .text.ipv4LinkChangeEvent
                0x0000000008005f68       0x28 ./CycloneTcp/cyclone_tcp/ipv4/ipv4.o
                0x0000000008005f68                ipv4LinkChangeEvent
 .text.ipv4ProcessDatagram
                0x0000000008005f90       0xd8 ./CycloneTcp/cyclone_tcp/ipv4/ipv4.o
                0x0000000008005f90                ipv4ProcessDatagram
 .text.ipv4ProcessPacket
                0x0000000008006068       0xca ./CycloneTcp/cyclone_tcp/ipv4/ipv4.o
                0x0000000008006068                ipv4ProcessPacket
 *fill*         0x0000000008006132        0x2 
 .text.ipv4SendPacket
                0x0000000008006134      0x1d4 ./CycloneTcp/cyclone_tcp/ipv4/ipv4.o
                0x0000000008006134                ipv4SendPacket
 .text.ipv4SendDatagram
                0x0000000008006308       0x4e ./CycloneTcp/cyclone_tcp/ipv4/ipv4.o
                0x0000000008006308                ipv4SendDatagram
 .text.ipv4JoinMulticastGroup
                0x0000000008006356       0x94 ./CycloneTcp/cyclone_tcp/ipv4/ipv4.o
                0x0000000008006356                ipv4JoinMulticastGroup
 *fill*         0x00000000080063ea        0x2 
 .text.ipv4StringToAddr
                0x00000000080063ec       0x54 ./CycloneTcp/cyclone_tcp/ipv4/ipv4.o
                0x00000000080063ec                ipv4StringToAddr
 .text.ipv4AddrToString
                0x0000000008006440       0x30 ./CycloneTcp/cyclone_tcp/ipv4/ipv4.o
                0x0000000008006440                ipv4AddrToString
 .text.ipv4DumpHeader
                0x0000000008006470        0x2 ./CycloneTcp/cyclone_tcp/ipv4/ipv4.o
                0x0000000008006470                ipv4DumpHeader
 .text.ipv4FragmentDatagram
                0x0000000008006472       0xd6 ./CycloneTcp/cyclone_tcp/ipv4/ipv4_frag.o
                0x0000000008006472                ipv4FragmentDatagram
 .text.ipv4FlushFragQueue
                0x0000000008006548       0x30 ./CycloneTcp/cyclone_tcp/ipv4/ipv4_frag.o
                0x0000000008006548                ipv4FlushFragQueue
 .text.ipv4FindHole
                0x0000000008006578        0xa ./CycloneTcp/cyclone_tcp/ipv4/ipv4_frag.o
                0x0000000008006578                ipv4FindHole
 .text.ipv4FragTick
                0x0000000008006582       0x76 ./CycloneTcp/cyclone_tcp/ipv4/ipv4_frag.o
                0x0000000008006582                ipv4FragTick
 .text.ipv4SearchFragQueue
                0x00000000080065f8       0xd8 ./CycloneTcp/cyclone_tcp/ipv4/ipv4_frag.o
                0x00000000080065f8                ipv4SearchFragQueue
 .text.ipv4ReassembleDatagram
                0x00000000080066d0      0x1be ./CycloneTcp/cyclone_tcp/ipv4/ipv4_frag.o
                0x00000000080066d0                ipv4ReassembleDatagram
 .text.ipv4AddRouterAlertOption
                0x000000000800688e       0x28 ./CycloneTcp/cyclone_tcp/ipv4/ipv4_misc.o
                0x000000000800688e                ipv4AddRouterAlertOption
 .text.ipv4SelectDefaultGateway
                0x00000000080068b6       0x22 ./CycloneTcp/cyclone_tcp/ipv4/ipv4_misc.o
                0x00000000080068b6                ipv4SelectDefaultGateway
 .text.ipv4IsOnLink
                0x00000000080068d8       0x1e ./CycloneTcp/cyclone_tcp/ipv4/ipv4_misc.o
                0x00000000080068d8                ipv4IsOnLink
 .text.ipv4IsBroadcastAddr
                0x00000000080068f6       0x38 ./CycloneTcp/cyclone_tcp/ipv4/ipv4_misc.o
                0x00000000080068f6                ipv4IsBroadcastAddr
 .text.ipv4CheckSourceAddr
                0x000000000800692e       0x1a ./CycloneTcp/cyclone_tcp/ipv4/ipv4_misc.o
                0x000000000800692e                ipv4CheckSourceAddr
 .text.ipv4CheckDestAddr
                0x0000000008006948       0x4c ./CycloneTcp/cyclone_tcp/ipv4/ipv4_misc.o
                0x0000000008006948                ipv4CheckDestAddr
 .text.ipv4IsTentativeAddr
                0x0000000008006994       0x18 ./CycloneTcp/cyclone_tcp/ipv4/ipv4_misc.o
                0x0000000008006994                ipv4IsTentativeAddr
 .text.ipv4IsLocalHostAddr
                0x00000000080069ac       0x28 ./CycloneTcp/cyclone_tcp/ipv4/ipv4_misc.o
                0x00000000080069ac                ipv4IsLocalHostAddr
 .text.ipv4GetAddrScope
                0x00000000080069d4       0x38 ./CycloneTcp/cyclone_tcp/ipv4/ipv4_misc.o
                0x00000000080069d4                ipv4GetAddrScope
 .text.ipv4GetPrefixLength
                0x0000000008006a0c       0x1e ./CycloneTcp/cyclone_tcp/ipv4/ipv4_misc.o
                0x0000000008006a0c                ipv4GetPrefixLength
 *fill*         0x0000000008006a2a        0x2 
 .text.ipv4SelectSourceAddr
                0x0000000008006a2c       0xf4 ./CycloneTcp/cyclone_tcp/ipv4/ipv4_misc.o
                0x0000000008006a2c                ipv4SelectSourceAddr
 .text.ipv4MapMulticastAddrToMac
                0x0000000008006b20       0x2e ./CycloneTcp/cyclone_tcp/ipv4/ipv4_misc.o
                0x0000000008006b20                ipv4MapMulticastAddrToMac
 .text.ipv4UpdateInStats
                0x0000000008006b4e        0x2 ./CycloneTcp/cyclone_tcp/ipv4/ipv4_misc.o
                0x0000000008006b4e                ipv4UpdateInStats
 .text.ipv4UpdateOutStats
                0x0000000008006b50        0x2 ./CycloneTcp/cyclone_tcp/ipv4/ipv4_misc.o
                0x0000000008006b50                ipv4UpdateOutStats
 .text.ipv4UpdateErrorStats
                0x0000000008006b52        0x2 ./CycloneTcp/cyclone_tcp/ipv4/ipv4_misc.o
                0x0000000008006b52                ipv4UpdateErrorStats
 .text.llmnrResponderInit
                0x0000000008006b54       0x28 ./CycloneTcp/cyclone_tcp/llmnr/llmnr_responder.o
                0x0000000008006b54                llmnrResponderInit
 .text.llmnrSendResponse
                0x0000000008006b7c      0x138 ./CycloneTcp/cyclone_tcp/llmnr/llmnr_responder.o
                0x0000000008006b7c                llmnrSendResponse
 .text.llmnrProcessQuery
                0x0000000008006cb4       0xf4 ./CycloneTcp/cyclone_tcp/llmnr/llmnr_responder.o
                0x0000000008006cb4                llmnrProcessQuery
 .text.HAL_Init
                0x0000000008006da8       0x34 ./Drivers/STM32F4xx_HAL_Driver/Src/stm32f4xx_hal.o
                0x0000000008006da8                HAL_Init
 .text.HAL_IncTick
                0x0000000008006ddc       0x18 ./Drivers/STM32F4xx_HAL_Driver/Src/stm32f4xx_hal.o
                0x0000000008006ddc                HAL_IncTick
 .text.HAL_GetTick
                0x0000000008006df4        0xc ./Drivers/STM32F4xx_HAL_Driver/Src/stm32f4xx_hal.o
                0x0000000008006df4                HAL_GetTick
 .text.HAL_Delay
                0x0000000008006e00       0x28 ./Drivers/STM32F4xx_HAL_Driver/Src/stm32f4xx_hal.o
                0x0000000008006e00                HAL_Delay
 .text.HAL_NVIC_SetPriorityGrouping
                0x0000000008006e28       0x24 ./Drivers/STM32F4xx_HAL_Driver/Src/stm32f4xx_hal_cortex.o
                0x0000000008006e28                HAL_NVIC_SetPriorityGrouping
 .text.HAL_NVIC_SetPriority
                0x0000000008006e4c       0x64 ./Drivers/STM32F4xx_HAL_Driver/Src/stm32f4xx_hal_cortex.o
                0x0000000008006e4c                HAL_NVIC_SetPriority
 .text.HAL_NVIC_EnableIRQ
                0x0000000008006eb0       0x1c ./Drivers/STM32F4xx_HAL_Driver/Src/stm32f4xx_hal_cortex.o
                0x0000000008006eb0                HAL_NVIC_EnableIRQ
 .text.HAL_GPIO_Init
                0x0000000008006ecc      0x1b4 ./Drivers/STM32F4xx_HAL_Driver/Src/stm32f4xx_hal_gpio.o
                0x0000000008006ecc                HAL_GPIO_Init
 .text.HAL_GPIO_WritePin
                0x0000000008007080        0xa ./Drivers/STM32F4xx_HAL_Driver/Src/stm32f4xx_hal_gpio.o
                0x0000000008007080                HAL_GPIO_WritePin
 .text.HAL_GPIO_TogglePin
                0x000000000800708a       0x12 ./Drivers/STM32F4xx_HAL_Driver/Src/stm32f4xx_hal_gpio.o
                0x000000000800708a                HAL_GPIO_TogglePin
 .text.HAL_GPIO_EXTI_IRQHandler
                0x000000000800709c       0x18 ./Drivers/STM32F4xx_HAL_Driver/Src/stm32f4xx_hal_gpio.o
                0x000000000800709c                HAL_GPIO_EXTI_IRQHandler
 .text.HAL_RCC_OscConfig
                0x00000000080070b4      0x358 ./Drivers/STM32F4xx_HAL_Driver/Src/stm32f4xx_hal_rcc.o
                0x00000000080070b4                HAL_RCC_OscConfig
 .text.HAL_RCC_GetSysClockFreq
                0x000000000800740c       0x5c ./Drivers/STM32F4xx_HAL_Driver/Src/stm32f4xx_hal_rcc.o
                0x000000000800740c                HAL_RCC_GetSysClockFreq
 .text.HAL_RCC_ClockConfig
                0x0000000008007468      0x138 ./Drivers/STM32F4xx_HAL_Driver/Src/stm32f4xx_hal_rcc.o
                0x0000000008007468                HAL_RCC_ClockConfig
 .text.HAL_RCC_GetPCLK2Freq
                0x00000000080075a0       0x20 ./Drivers/STM32F4xx_HAL_Driver/Src/stm32f4xx_hal_rcc.o
                0x00000000080075a0                HAL_RCC_GetPCLK2Freq
 .text.HAL_RCC_GetClockConfig
                0x00000000080075c0       0x3c ./Drivers/STM32F4xx_HAL_Driver/Src/stm32f4xx_hal_rcc.o
                0x00000000080075c0                HAL_RCC_GetClockConfig
 .text.SPI_WaitFlagStateUntilTimeout.constprop.0
                0x00000000080075fc       0xa8 ./Drivers/STM32F4xx_HAL_Driver/Src/stm32f4xx_hal_spi.o
 .text.SPI_EndRxTxTransaction
                0x00000000080076a4       0x58 ./Drivers/STM32F4xx_HAL_Driver/Src/stm32f4xx_hal_spi.o
 .text.HAL_SPI_Init
                0x00000000080076fc       0xb8 ./Drivers/STM32F4xx_HAL_Driver/Src/stm32f4xx_hal_spi.o
                0x00000000080076fc                HAL_SPI_Init
 .text.HAL_SPI_TransmitReceive
                0x00000000080077b4      0x1de ./Drivers/STM32F4xx_HAL_Driver/Src/stm32f4xx_hal_spi.o
                0x00000000080077b4                HAL_SPI_TransmitReceive
 .text.HAL_TIM_Base_MspInit
                0x0000000008007992        0x2 ./Drivers/STM32F4xx_HAL_Driver/Src/stm32f4xx_hal_tim.o
                0x0000000008007992                HAL_TIM_Base_MspInit
 .text.HAL_TIM_Base_Start_IT
                0x0000000008007994       0x74 ./Drivers/STM32F4xx_HAL_Driver/Src/stm32f4xx_hal_tim.o
                0x0000000008007994                HAL_TIM_Base_Start_IT
 .text.HAL_TIM_OC_DelayElapsedCallback
                0x0000000008007a08        0x2 ./Drivers/STM32F4xx_HAL_Driver/Src/stm32f4xx_hal_tim.o
                0x0000000008007a08                HAL_TIM_OC_DelayElapsedCallback
 .text.HAL_TIM_IC_CaptureCallback
                0x0000000008007a0a        0x2 ./Drivers/STM32F4xx_HAL_Driver/Src/stm32f4xx_hal_tim.o
                0x0000000008007a0a                HAL_TIM_IC_CaptureCallback
 .text.HAL_TIM_PWM_PulseFinishedCallback
                0x0000000008007a0c        0x2 ./Drivers/STM32F4xx_HAL_Driver/Src/stm32f4xx_hal_tim.o
                0x0000000008007a0c                HAL_TIM_PWM_PulseFinishedCallback
 .text.HAL_TIM_TriggerCallback
                0x0000000008007a0e        0x2 ./Drivers/STM32F4xx_HAL_Driver/Src/stm32f4xx_hal_tim.o
                0x0000000008007a0e                HAL_TIM_TriggerCallback
 .text.HAL_TIM_IRQHandler
                0x0000000008007a10      0x144 ./Drivers/STM32F4xx_HAL_Driver/Src/stm32f4xx_hal_tim.o
                0x0000000008007a10                HAL_TIM_IRQHandler
 .text.TIM_Base_SetConfig
                0x0000000008007b54       0xcc ./Drivers/STM32F4xx_HAL_Driver/Src/stm32f4xx_hal_tim.o
                0x0000000008007b54                TIM_Base_SetConfig
 .text.HAL_TIM_Base_Init
                0x0000000008007c20       0x58 ./Drivers/STM32F4xx_HAL_Driver/Src/stm32f4xx_hal_tim.o
                0x0000000008007c20                HAL_TIM_Base_Init
 .text.HAL_TIMEx_CommutCallback
                0x0000000008007c78        0x2 ./Drivers/STM32F4xx_HAL_Driver/Src/stm32f4xx_hal_tim_ex.o
                0x0000000008007c78                HAL_TIMEx_CommutCallback
 .text.HAL_TIMEx_BreakCallback
                0x0000000008007c7a        0x2 ./Drivers/STM32F4xx_HAL_Driver/Src/stm32f4xx_hal_tim_ex.o
                0x0000000008007c7a                HAL_TIMEx_BreakCallback
 .text.osKernelStart
                0x0000000008007c7c        0xa ./Middlewares/Third_Party/FreeRTOS/Source/CMSIS_RTOS/cmsis_os.o
                0x0000000008007c7c                osKernelStart
 .text.vListInitialise
                0x0000000008007c86       0x16 ./Middlewares/Third_Party/FreeRTOS/Source/list.o
                0x0000000008007c86                vListInitialise
 .text.vListInitialiseItem
                0x0000000008007c9c        0x6 ./Middlewares/Third_Party/FreeRTOS/Source/list.o
                0x0000000008007c9c                vListInitialiseItem
 .text.vListInsertEnd
                0x0000000008007ca2       0x18 ./Middlewares/Third_Party/FreeRTOS/Source/list.o
                0x0000000008007ca2                vListInsertEnd
 .text.vListInsert
                0x0000000008007cba       0x2e ./Middlewares/Third_Party/FreeRTOS/Source/list.o
                0x0000000008007cba                vListInsert
 .text.uxListRemove
                0x0000000008007ce8       0x20 ./Middlewares/Third_Party/FreeRTOS/Source/list.o
                0x0000000008007ce8                uxListRemove
 .text.prvIsQueueEmpty
                0x0000000008007d08       0x16 ./Middlewares/Third_Party/FreeRTOS/Source/queue.o
 .text.prvCopyDataToQueue
                0x0000000008007d1e       0x6a ./Middlewares/Third_Party/FreeRTOS/Source/queue.o
 .text.prvUnlockQueue
                0x0000000008007d88       0x70 ./Middlewares/Third_Party/FreeRTOS/Source/queue.o
 .text.xQueueGenericReset
                0x0000000008007df8       0x80 ./Middlewares/Third_Party/FreeRTOS/Source/queue.o
                0x0000000008007df8                xQueueGenericReset
 .text.xQueueGenericCreateStatic
                0x0000000008007e78       0x94 ./Middlewares/Third_Party/FreeRTOS/Source/queue.o
                0x0000000008007e78                xQueueGenericCreateStatic
 .text.xQueueGenericSend
                0x0000000008007f0c      0x164 ./Middlewares/Third_Party/FreeRTOS/Source/queue.o
                0x0000000008007f0c                xQueueGenericSend
 .text.xQueueCreateMutexStatic
                0x0000000008008070       0x2a ./Middlewares/Third_Party/FreeRTOS/Source/queue.o
                0x0000000008008070                xQueueCreateMutexStatic
 .text.xQueueGiveFromISR
                0x000000000800809a       0xa8 ./Middlewares/Third_Party/FreeRTOS/Source/queue.o
                0x000000000800809a                xQueueGiveFromISR
 *fill*         0x0000000008008142        0x2 
 .text.xQueueSemaphoreTake
                0x0000000008008144      0x188 ./Middlewares/Third_Party/FreeRTOS/Source/queue.o
                0x0000000008008144                xQueueSemaphoreTake
 .text.vQueueUnregisterQueue
                0x00000000080082cc       0x30 ./Middlewares/Third_Party/FreeRTOS/Source/queue.o
                0x00000000080082cc                vQueueUnregisterQueue
 .text.vQueueDelete
                0x00000000080082fc       0x2a ./Middlewares/Third_Party/FreeRTOS/Source/queue.o
                0x00000000080082fc                vQueueDelete
 *fill*         0x0000000008008326        0x2 
 .text.prvAddNewTaskToReadyList
                0x0000000008008328      0x12c ./Middlewares/Third_Party/FreeRTOS/Source/tasks.o
 .text.prvResetNextTaskUnblockTime
                0x0000000008008454       0x24 ./Middlewares/Third_Party/FreeRTOS/Source/tasks.o
 .text.prvInitialiseNewTask.isra.0
                0x0000000008008478       0x8a ./Middlewares/Third_Party/FreeRTOS/Source/tasks.o
 .text.prvDeleteTCB
                0x0000000008008502       0x36 ./Middlewares/Third_Party/FreeRTOS/Source/tasks.o
 .text.prvIdleTask
                0x0000000008008538       0x64 ./Middlewares/Third_Party/FreeRTOS/Source/tasks.o
 .text.prvAddCurrentTaskToDelayedList
                0x000000000800859c       0x8c ./Middlewares/Third_Party/FreeRTOS/Source/tasks.o
 .text.xTaskCreateStatic
                0x0000000008008628       0x70 ./Middlewares/Third_Party/FreeRTOS/Source/tasks.o
                0x0000000008008628                xTaskCreateStatic
 .text.xTaskCreate
                0x0000000008008698       0x5a ./Middlewares/Third_Party/FreeRTOS/Source/tasks.o
                0x0000000008008698                xTaskCreate
 *fill*         0x00000000080086f2        0x2 
 .text.vTaskStartScheduler
                0x00000000080086f4       0x6c ./Middlewares/Third_Party/FreeRTOS/Source/tasks.o
                0x00000000080086f4                vTaskStartScheduler
 .text.vTaskSuspendAll
                0x0000000008008760       0x10 ./Middlewares/Third_Party/FreeRTOS/Source/tasks.o
                0x0000000008008760                vTaskSuspendAll
 .text.xTaskGetTickCount
                0x0000000008008770        0xc ./Middlewares/Third_Party/FreeRTOS/Source/tasks.o
                0x0000000008008770                xTaskGetTickCount
 .text.xTaskIncrementTick
                0x000000000800877c      0x130 ./Middlewares/Third_Party/FreeRTOS/Source/tasks.o
                0x000000000800877c                xTaskIncrementTick
 .text.xTaskResumeAll
                0x00000000080088ac       0xf0 ./Middlewares/Third_Party/FreeRTOS/Source/tasks.o
                0x00000000080088ac                xTaskResumeAll
 .text.vTaskSwitchContext
                0x000000000800899c       0x74 ./Middlewares/Third_Party/FreeRTOS/Source/tasks.o
                0x000000000800899c                vTaskSwitchContext
 .text.vTaskPlaceOnEventList
                0x0000000008008a10       0x34 ./Middlewares/Third_Party/FreeRTOS/Source/tasks.o
                0x0000000008008a10                vTaskPlaceOnEventList
 .text.xTaskRemoveFromEventList
                0x0000000008008a44       0x88 ./Middlewares/Third_Party/FreeRTOS/Source/tasks.o
                0x0000000008008a44                xTaskRemoveFromEventList
 .text.vTaskInternalSetTimeOutState
                0x0000000008008acc       0x18 ./Middlewares/Third_Party/FreeRTOS/Source/tasks.o
                0x0000000008008acc                vTaskInternalSetTimeOutState
 .text.xTaskCheckForTimeOut
                0x0000000008008ae4       0x78 ./Middlewares/Third_Party/FreeRTOS/Source/tasks.o
                0x0000000008008ae4                xTaskCheckForTimeOut
 .text.vTaskMissedYield
                0x0000000008008b5c        0xc ./Middlewares/Third_Party/FreeRTOS/Source/tasks.o
                0x0000000008008b5c                vTaskMissedYield
 .text.xTaskGetSchedulerState
                0x0000000008008b68       0x20 ./Middlewares/Third_Party/FreeRTOS/Source/tasks.o
                0x0000000008008b68                xTaskGetSchedulerState
 .text.xTaskPriorityInherit
                0x0000000008008b88       0x9c ./Middlewares/Third_Party/FreeRTOS/Source/tasks.o
                0x0000000008008b88                xTaskPriorityInherit
 .text.xTaskPriorityDisinherit
                0x0000000008008c24       0xa4 ./Middlewares/Third_Party/FreeRTOS/Source/tasks.o
                0x0000000008008c24                xTaskPriorityDisinherit
 .text.vTaskPriorityDisinheritAfterTimeout
                0x0000000008008cc8       0xb0 ./Middlewares/Third_Party/FreeRTOS/Source/tasks.o
                0x0000000008008cc8                vTaskPriorityDisinheritAfterTimeout
 .text.pvTaskIncrementMutexHeldCount
                0x0000000008008d78       0x18 ./Middlewares/Third_Party/FreeRTOS/Source/tasks.o
                0x0000000008008d78                pvTaskIncrementMutexHeldCount
 .text.prvPortStartFirstTask
                0x0000000008008d90       0x28 ./Middlewares/Third_Party/FreeRTOS/Source/portable/GCC/ARM_CM4F/port.o
 .text.vPortEnableVFP
                0x0000000008008db8       0x14 ./Middlewares/Third_Party/FreeRTOS/Source/portable/GCC/ARM_CM4F/port.o
 .text.prvTaskExitError
                0x0000000008008dcc       0x40 ./Middlewares/Third_Party/FreeRTOS/Source/portable/GCC/ARM_CM4F/port.o
 .text.pxPortInitialiseStack
                0x0000000008008e0c       0x2c ./Middlewares/Third_Party/FreeRTOS/Source/portable/GCC/ARM_CM4F/port.o
                0x0000000008008e0c                pxPortInitialiseStack
 *fill*         0x0000000008008e38        0x8 
 .text.SVC_Handler
                0x0000000008008e40       0x24 ./Middlewares/Third_Party/FreeRTOS/Source/portable/GCC/ARM_CM4F/port.o
                0x0000000008008e40                SVC_Handler
 .text.vPortEnterCritical
                0x0000000008008e64       0x44 ./Middlewares/Third_Party/FreeRTOS/Source/portable/GCC/ARM_CM4F/port.o
                0x0000000008008e64                vPortEnterCritical
 .text.vPortExitCritical
                0x0000000008008ea8       0x28 ./Middlewares/Third_Party/FreeRTOS/Source/portable/GCC/ARM_CM4F/port.o
                0x0000000008008ea8                vPortExitCritical
 .text.PendSV_Handler
                0x0000000008008ed0       0x64 ./Middlewares/Third_Party/FreeRTOS/Source/portable/GCC/ARM_CM4F/port.o
                0x0000000008008ed0                PendSV_Handler
 .text.SysTick_Handler
                0x0000000008008f34       0x2c ./Middlewares/Third_Party/FreeRTOS/Source/portable/GCC/ARM_CM4F/port.o
                0x0000000008008f34                SysTick_Handler
 .text.vPortSetupTimerInterrupt
                0x0000000008008f60       0x34 ./Middlewares/Third_Party/FreeRTOS/Source/portable/GCC/ARM_CM4F/port.o
                0x0000000008008f60                vPortSetupTimerInterrupt
 .text.xPortStartScheduler
                0x0000000008008f94      0x108 ./Middlewares/Third_Party/FreeRTOS/Source/portable/GCC/ARM_CM4F/port.o
                0x0000000008008f94                xPortStartScheduler
 .text.vPortValidateInterruptPriority
                0x000000000800909c       0x5c ./Middlewares/Third_Party/FreeRTOS/Source/portable/GCC/ARM_CM4F/port.o
                0x000000000800909c                vPortValidateInterruptPriority
 .text.prvInsertBlockIntoFreeList
                0x00000000080090f8       0x48 ./Middlewares/Third_Party/FreeRTOS/Source/portable/MemMang/heap_4.o
 .text.pvPortMalloc
                0x0000000008009140      0x124 ./Middlewares/Third_Party/FreeRTOS/Source/portable/MemMang/heap_4.o
                0x0000000008009140                pvPortMalloc
 .text.vPortFree
                0x0000000008009264       0x7c ./Middlewares/Third_Party/FreeRTOS/Source/portable/MemMang/heap_4.o
                0x0000000008009264                vPortFree
 .text.extIntInit
                0x00000000080092e0        0x4 ./STM32-CycloneTCP-ENC28J60-master/ext_int_driver.o
                0x00000000080092e0                extIntInit
 .text.extIntEnableIrq
                0x00000000080092e4       0x10 ./STM32-CycloneTCP-ENC28J60-master/ext_int_driver.o
                0x00000000080092e4                extIntEnableIrq
 .text.extIntDisableIrq
                0x00000000080092f4       0x18 ./STM32-CycloneTCP-ENC28J60-master/ext_int_driver.o
                0x00000000080092f4                extIntDisableIrq
 .text.HAL_GPIO_EXTI_Callback
                0x000000000800930c       0x10 ./STM32-CycloneTCP-ENC28J60-master/ext_int_driver.o
                0x000000000800930c                HAL_GPIO_EXTI_Callback
 .text.spiInit  0x000000000800931c        0x4 ./STM32-CycloneTCP-ENC28J60-master/spi_driver.o
                0x000000000800931c                spiInit
 .text.spiSetMode
                0x0000000008009320        0x4 ./STM32-CycloneTCP-ENC28J60-master/spi_driver.o
                0x0000000008009320                spiSetMode
 .text.spiAssertCs
                0x0000000008009324       0x24 ./STM32-CycloneTCP-ENC28J60-master/spi_driver.o
                0x0000000008009324                spiAssertCs
 .text.spiDeassertCs
                0x0000000008009348       0x34 ./STM32-CycloneTCP-ENC28J60-master/spi_driver.o
                0x0000000008009348                spiDeassertCs
 .text.spiTransfer
                0x000000000800937c       0x28 ./STM32-CycloneTCP-ENC28J60-master/spi_driver.o
                0x000000000800937c                spiTransfer
 .text.spiSetBitrate
                0x00000000080093a4        0x4 ./STM32-CycloneTCP-ENC28J60-master/spi_driver.o
                0x00000000080093a4                spiSetBitrate
 .text.__errno  0x00000000080093a8        0xc /opt/st/stm32cubeide_1.7.0/plugins/com.st.stm32cube.ide.mcu.externaltools.gnu-tools-for-stm32.9-2020-q2-update.linux64_2.0.0.202105311346/tools/bin/../lib/gcc/arm-none-eabi/9.3.1/../../../../arm-none-eabi/lib/thumb/v7e-m+fp/hard/libc_nano.a(lib_a-errno.o)
                0x00000000080093a8                __errno
 .text.fprintf  0x00000000080093b4       0x24 /opt/st/stm32cubeide_1.7.0/plugins/com.st.stm32cube.ide.mcu.externaltools.gnu-tools-for-stm32.9-2020-q2-update.linux64_2.0.0.202105311346/tools/bin/../lib/gcc/arm-none-eabi/9.3.1/../../../../arm-none-eabi/lib/thumb/v7e-m+fp/hard/libc_nano.a(lib_a-fprintf.o)
                0x00000000080093b4                fprintf
                0x00000000080093b4                fiprintf
 .text._fputs_r
                0x00000000080093d8       0xcc /opt/st/stm32cubeide_1.7.0/plugins/com.st.stm32cube.ide.mcu.externaltools.gnu-tools-for-stm32.9-2020-q2-update.linux64_2.0.0.202105311346/tools/bin/../lib/gcc/arm-none-eabi/9.3.1/../../../../arm-none-eabi/lib/thumb/v7e-m+fp/hard/libc_nano.a(lib_a-fputs.o)
                0x00000000080093d8                _fputs_r
 .text.fputs    0x00000000080094a4       0x10 /opt/st/stm32cubeide_1.7.0/plugins/com.st.stm32cube.ide.mcu.externaltools.gnu-tools-for-stm32.9-2020-q2-update.linux64_2.0.0.202105311346/tools/bin/../lib/gcc/arm-none-eabi/9.3.1/../../../../arm-none-eabi/lib/thumb/v7e-m+fp/hard/libc_nano.a(lib_a-fputs.o)
                0x00000000080094a4                fputs
 .text.__libc_init_array
                0x00000000080094b4       0x48 /opt/st/stm32cubeide_1.7.0/plugins/com.st.stm32cube.ide.mcu.externaltools.gnu-tools-for-stm32.9-2020-q2-update.linux64_2.0.0.202105311346/tools/bin/../lib/gcc/arm-none-eabi/9.3.1/../../../../arm-none-eabi/lib/thumb/v7e-m+fp/hard/libc_nano.a(lib_a-init.o)
                0x00000000080094b4                __libc_init_array
 .text.__retarget_lock_init_recursive
                0x00000000080094fc        0x2 /opt/st/stm32cubeide_1.7.0/plugins/com.st.stm32cube.ide.mcu.externaltools.gnu-tools-for-stm32.9-2020-q2-update.linux64_2.0.0.202105311346/tools/bin/../lib/gcc/arm-none-eabi/9.3.1/../../../../arm-none-eabi/lib/thumb/v7e-m+fp/hard/libc_nano.a(lib_a-lock.o)
                0x00000000080094fc                __retarget_lock_init_recursive
 .text.__retarget_lock_acquire_recursive
                0x00000000080094fe        0x2 /opt/st/stm32cubeide_1.7.0/plugins/com.st.stm32cube.ide.mcu.externaltools.gnu-tools-for-stm32.9-2020-q2-update.linux64_2.0.0.202105311346/tools/bin/../lib/gcc/arm-none-eabi/9.3.1/../../../../arm-none-eabi/lib/thumb/v7e-m+fp/hard/libc_nano.a(lib_a-lock.o)
                0x00000000080094fe                __retarget_lock_acquire_recursive
 .text.__retarget_lock_release_recursive
                0x0000000008009500        0x2 /opt/st/stm32cubeide_1.7.0/plugins/com.st.stm32cube.ide.mcu.externaltools.gnu-tools-for-stm32.9-2020-q2-update.linux64_2.0.0.202105311346/tools/bin/../lib/gcc/arm-none-eabi/9.3.1/../../../../arm-none-eabi/lib/thumb/v7e-m+fp/hard/libc_nano.a(lib_a-lock.o)
                0x0000000008009500                __retarget_lock_release_recursive
 .text.memcmp   0x0000000008009502       0x1c /opt/st/stm32cubeide_1.7.0/plugins/com.st.stm32cube.ide.mcu.externaltools.gnu-tools-for-stm32.9-2020-q2-update.linux64_2.0.0.202105311346/tools/bin/../lib/gcc/arm-none-eabi/9.3.1/../../../../arm-none-eabi/lib/thumb/v7e-m+fp/hard/libc_nano.a(lib_a-memcmp.o)
                0x0000000008009502                memcmp
 .text.memcpy   0x000000000800951e       0x1c /opt/st/stm32cubeide_1.7.0/plugins/com.st.stm32cube.ide.mcu.externaltools.gnu-tools-for-stm32.9-2020-q2-update.linux64_2.0.0.202105311346/tools/bin/../lib/gcc/arm-none-eabi/9.3.1/../../../../arm-none-eabi/lib/thumb/v7e-m+fp/hard/libc_nano.a(lib_a-memcpy-stub.o)
                0x000000000800951e                memcpy
 .text.memmove  0x000000000800953a       0x34 /opt/st/stm32cubeide_1.7.0/plugins/com.st.stm32cube.ide.mcu.externaltools.gnu-tools-for-stm32.9-2020-q2-update.linux64_2.0.0.202105311346/tools/bin/../lib/gcc/arm-none-eabi/9.3.1/../../../../arm-none-eabi/lib/thumb/v7e-m+fp/hard/libc_nano.a(lib_a-memmove.o)
                0x000000000800953a                memmove
 .text.memset   0x000000000800956e       0x10 /opt/st/stm32cubeide_1.7.0/plugins/com.st.stm32cube.ide.mcu.externaltools.gnu-tools-for-stm32.9-2020-q2-update.linux64_2.0.0.202105311346/tools/bin/../lib/gcc/arm-none-eabi/9.3.1/../../../../arm-none-eabi/lib/thumb/v7e-m+fp/hard/libc_nano.a(lib_a-memset.o)
                0x000000000800956e                memset
 .text.__sfputc_r
                0x000000000800957e       0x2e /opt/st/stm32cubeide_1.7.0/plugins/com.st.stm32cube.ide.mcu.externaltools.gnu-tools-for-stm32.9-2020-q2-update.linux64_2.0.0.202105311346/tools/bin/../lib/gcc/arm-none-eabi/9.3.1/../../../../arm-none-eabi/lib/thumb/v7e-m+fp/hard/libc_nano.a(lib_a-nano-vfprintf.o)
 .text.__sfputs_r
                0x00000000080095ac       0x24 /opt/st/stm32cubeide_1.7.0/plugins/com.st.stm32cube.ide.mcu.externaltools.gnu-tools-for-stm32.9-2020-q2-update.linux64_2.0.0.202105311346/tools/bin/../lib/gcc/arm-none-eabi/9.3.1/../../../../arm-none-eabi/lib/thumb/v7e-m+fp/hard/libc_nano.a(lib_a-nano-vfprintf.o)
                0x00000000080095ac                __sfputs_r
 .text._vfprintf_r
                0x00000000080095d0      0x260 /opt/st/stm32cubeide_1.7.0/plugins/com.st.stm32cube.ide.mcu.externaltools.gnu-tools-for-stm32.9-2020-q2-update.linux64_2.0.0.202105311346/tools/bin/../lib/gcc/arm-none-eabi/9.3.1/../../../../arm-none-eabi/lib/thumb/v7e-m+fp/hard/libc_nano.a(lib_a-nano-vfprintf.o)
                0x00000000080095d0                _vfiprintf_r
                0x00000000080095d0                _vfprintf_r
 .text._printf_common
                0x0000000008009830       0xda /opt/st/stm32cubeide_1.7.0/plugins/com.st.stm32cube.ide.mcu.externaltools.gnu-tools-for-stm32.9-2020-q2-update.linux64_2.0.0.202105311346/tools/bin/../lib/gcc/arm-none-eabi/9.3.1/../../../../arm-none-eabi/lib/thumb/v7e-m+fp/hard/libc_nano.a(lib_a-nano-vfprintf_i.o)
                0x0000000008009830                _printf_common
 *fill*         0x000000000800990a        0x2 
 .text._printf_i
                0x000000000800990c      0x24c /opt/st/stm32cubeide_1.7.0/plugins/com.st.stm32cube.ide.mcu.externaltools.gnu-tools-for-stm32.9-2020-q2-update.linux64_2.0.0.202105311346/tools/bin/../lib/gcc/arm-none-eabi/9.3.1/../../../../arm-none-eabi/lib/thumb/v7e-m+fp/hard/libc_nano.a(lib_a-nano-vfprintf_i.o)
                0x000000000800990c                _printf_i
 .text.sprintf  0x0000000008009b58       0x40 /opt/st/stm32cubeide_1.7.0/plugins/com.st.stm32cube.ide.mcu.externaltools.gnu-tools-for-stm32.9-2020-q2-update.linux64_2.0.0.202105311346/tools/bin/../lib/gcc/arm-none-eabi/9.3.1/../../../../arm-none-eabi/lib/thumb/v7e-m+fp/hard/libc_nano.a(lib_a-sprintf.o)
                0x0000000008009b58                sprintf
                0x0000000008009b58                siprintf
 .text.strncasecmp
                0x0000000008009b98       0x44 /opt/st/stm32cubeide_1.7.0/plugins/com.st.stm32cube.ide.mcu.externaltools.gnu-tools-for-stm32.9-2020-q2-update.linux64_2.0.0.202105311346/tools/bin/../lib/gcc/arm-none-eabi/9.3.1/../../../../arm-none-eabi/lib/thumb/v7e-m+fp/hard/libc_nano.a(lib_a-strncasecmp.o)
                0x0000000008009b98                strncasecmp
 .text.strncpy  0x0000000008009bdc       0x26 /opt/st/stm32cubeide_1.7.0/plugins/com.st.stm32cube.ide.mcu.externaltools.gnu-tools-for-stm32.9-2020-q2-update.linux64_2.0.0.202105311346/tools/bin/../lib/gcc/arm-none-eabi/9.3.1/../../../../arm-none-eabi/lib/thumb/v7e-m+fp/hard/libc_nano.a(lib_a-strncpy.o)
                0x0000000008009bdc                strncpy
 *fill*         0x0000000008009c02        0x2 
 .text.__swbuf_r
                0x0000000008009c04       0xa4 /opt/st/stm32cubeide_1.7.0/plugins/com.st.stm32cube.ide.mcu.externaltools.gnu-tools-for-stm32.9-2020-q2-update.linux64_2.0.0.202105311346/tools/bin/../lib/gcc/arm-none-eabi/9.3.1/../../../../arm-none-eabi/lib/thumb/v7e-m+fp/hard/libc_nano.a(lib_a-wbuf.o)
                0x0000000008009c04                __swbuf_r
 .text.__swsetup_r
                0x0000000008009ca8       0xdc /opt/st/stm32cubeide_1.7.0/plugins/com.st.stm32cube.ide.mcu.externaltools.gnu-tools-for-stm32.9-2020-q2-update.linux64_2.0.0.202105311346/tools/bin/../lib/gcc/arm-none-eabi/9.3.1/../../../../arm-none-eabi/lib/thumb/v7e-m+fp/hard/libc_nano.a(lib_a-wsetup.o)
                0x0000000008009ca8                __swsetup_r
 .text.__sflush_r
                0x0000000008009d84      0x10c /opt/st/stm32cubeide_1.7.0/plugins/com.st.stm32cube.ide.mcu.externaltools.gnu-tools-for-stm32.9-2020-q2-update.linux64_2.0.0.202105311346/tools/bin/../lib/gcc/arm-none-eabi/9.3.1/../../../../arm-none-eabi/lib/thumb/v7e-m+fp/hard/libc_nano.a(lib_a-fflush.o)
                0x0000000008009d84                __sflush_r
 .text._fflush_r
                0x0000000008009e90       0x78 /opt/st/stm32cubeide_1.7.0/plugins/com.st.stm32cube.ide.mcu.externaltools.gnu-tools-for-stm32.9-2020-q2-update.linux64_2.0.0.202105311346/tools/bin/../lib/gcc/arm-none-eabi/9.3.1/../../../../arm-none-eabi/lib/thumb/v7e-m+fp/hard/libc_nano.a(lib_a-fflush.o)
                0x0000000008009e90                _fflush_r
 .text.std      0x0000000008009f08       0x48 /opt/st/stm32cubeide_1.7.0/plugins/com.st.stm32cube.ide.mcu.externaltools.gnu-tools-for-stm32.9-2020-q2-update.linux64_2.0.0.202105311346/tools/bin/../lib/gcc/arm-none-eabi/9.3.1/../../../../arm-none-eabi/lib/thumb/v7e-m+fp/hard/libc_nano.a(lib_a-findfp.o)
 .text._cleanup_r
                0x0000000008009f50        0xc /opt/st/stm32cubeide_1.7.0/plugins/com.st.stm32cube.ide.mcu.externaltools.gnu-tools-for-stm32.9-2020-q2-update.linux64_2.0.0.202105311346/tools/bin/../lib/gcc/arm-none-eabi/9.3.1/../../../../arm-none-eabi/lib/thumb/v7e-m+fp/hard/libc_nano.a(lib_a-findfp.o)
                0x0000000008009f50                _cleanup_r
 .text.__sfmoreglue
                0x0000000008009f5c       0x2c /opt/st/stm32cubeide_1.7.0/plugins/com.st.stm32cube.ide.mcu.externaltools.gnu-tools-for-stm32.9-2020-q2-update.linux64_2.0.0.202105311346/tools/bin/../lib/gcc/arm-none-eabi/9.3.1/../../../../arm-none-eabi/lib/thumb/v7e-m+fp/hard/libc_nano.a(lib_a-findfp.o)
                0x0000000008009f5c                __sfmoreglue
 .text.__sfp_lock_acquire
                0x0000000008009f88        0xc /opt/st/stm32cubeide_1.7.0/plugins/com.st.stm32cube.ide.mcu.externaltools.gnu-tools-for-stm32.9-2020-q2-update.linux64_2.0.0.202105311346/tools/bin/../lib/gcc/arm-none-eabi/9.3.1/../../../../arm-none-eabi/lib/thumb/v7e-m+fp/hard/libc_nano.a(lib_a-findfp.o)
                0x0000000008009f88                __sfp_lock_acquire
 .text.__sfp_lock_release