enc28j60.c:250:13:enc_wrgreg2	16	static
enc28j60.c:217:16:enc_rdgreg2	16	static
enc28j60.c:1009:13:enc_rdbuffer	16	static
enc28j60.c:193:7:up_udelay	8	static
enc28j60.c:362:6:enc_reset	8	static
enc28j60.c:402:6:enc_setbank	16	static
enc28j60.c:439:16:enc_rdbreg	16	static
enc28j60.c:521:13:enc_waitbreg.constprop	16	static
enc28j60.c:482:13:enc_wrbreg	24	static
enc28j60.c:627:13:enc_wrphy	16	static
enc28j60.c:560:17:enc_rdphy	16	static
enc28j60.c:733:6:ENC_Start	24	static
enc28j60.c:904:6:ENC_SetMacAddr	8	static
enc28j60.c:942:6:ENC_WriteBuffer	16	static
enc28j60.c:1045:8:ENC_RestoreTXBuffer	32	static
enc28j60.c:1142:6:ENC_Transmit	24	static
enc28j60.c:1216:6:ENC_GetReceivedFrame	24	static
enc28j60.c:1348:6:ENC_EnableInterrupts	0	static
enc28j60.c:1371:6:ENC_IRQHandler	16	static
enc28j60.c:1430:6:ENC_GetPkcnt	8	static
