ip.c:60:9:ipSendDatagram	4	static
ip.c:110:9:ipSelectSourceAddr	0	static
ip.c:159:8:ipCompAddr	0	static
ip.c:210:8:ipIsUnspecifiedAddr	0	static
ip.c:255:8:ipIsMulticastAddr	0	static
ip.c:294:9:ipJoinMulticastGroup	16	static
ip.c:344:9:ipLeaveMulticastGroup	16	static
ip.c:393:10:ipCalcChecksum	20	static
ip.c:513:10:ipCalcChecksumEx	40	static
ip.c:586:10:ipCalcUpperLayerChecksum	16	static
ip.c:613:10:ipCalcUpperLayerChecksumEx	16	static
ip.c:638:12:ipAllocBuffer	8	static
ip.c:683:9:ipStringToAddr	16	static
ip.c:727:9:ipAddrToString	0	static
