net.c:1277:6:netTask	24	static
net.c:83:9:netInit	24	static
net.c:277:9:netSeedRand	16	static
net.c:318:15:netGetDefaultInterface	0	static
net.c:332:9:netSetMacAddr	16	static
net.c:367:9:netGetMacAddr	16	static
net.c:404:9:netSetEui64	16	static
net.c:429:9:netGetEui64	16	static
net.c:461:9:netSetInterfaceId	16	static
net.c:486:9:netSetInterfaceName	16	static
net.c:513:9:netSetHostname	16	static
net.c:540:9:netSetVlanId	0	static
net.c:574:9:netSetVmanId	0	static
net.c:609:9:netSetParentInterface	0	static
net.c:641:9:netSetDriver	16	static
net.c:666:9:netSetPhyDriver	16	static
net.c:696:9:netSetPhyAddr	16	static
net.c:730:9:netSetSwitchDriver	16	static
net.c:760:9:netSetSwitchPort	0	static
net.c:790:9:netSetSmiDriver	16	static
net.c:820:9:netSetSpiDriver	16	static
net.c:845:9:netSetUartDriver	16	static
net.c:870:9:netSetExtIntDriver	16	static
net.c:895:9:netSetLinkState	16	static
net.c:927:8:netGetLinkState	8	static
net.c:953:9:netConfigInterface	16	static
net.c:1141:9:netStartInterface	16	static
net.c:1221:9:netStopInterface	16	static
