net_misc.c:125:9:netAttachLinkChangeCallback	16	static
net_misc.c:163:9:netDetachLinkChangeCallback	16	static
net_misc.c:196:6:netProcessLinkChange	24	static
net_misc.c:342:9:netAttachTimerCallback	16	static
net_misc.c:380:9:netDetachTimerCallback	12	static
net_misc.c:411:6:netTick	16	static
net_misc.c:747:6:netStartTimer	16	static
net_misc.c:761:6:netStopTimer	0	static
net_misc.c:774:8:netTimerRunning	0	static
net_misc.c:787:8:netTimerExpired	8	static
net_misc.c:925:10:netGetRandBit	20	static
net_misc.c:816:6:netInitRand	32	static
net_misc.c:872:10:netGetRand	16	static
net_misc.c:898:9:netGetRandRange	16	static
