net_mem.c:70:9:memPoolInit	0	static
net_mem.c:100:7:memPoolAlloc	8	static
net_mem.c:166:6:memPoolFree	0	static
net_mem.c:207:6:memPoolGetStats	0	static
net_mem.c:300:8:netBufferGetLength	8	static
net_mem.c:323:9:netBufferSetLength	24	static
net_mem.c:282:6:netBufferFree	8	static
net_mem.c:243:12:netBufferAlloc	16	static
net_mem.c:416:7:netBufferAt	12	static
net_mem.c:445:9:netBufferConcat	24	static
net_mem.c:507:9:netBufferCopy	48	static
net_mem.c:589:9:netBufferAppend	12	static
net_mem.c:622:8:netBufferWrite	32	static
net_mem.c:675:8:netBufferRead	32	static
