socket.c:83:9:socketInit	16	static
socket.c:121:9:socketOpen	24	static
socket.c:144:9:socketSetTimeout	16	static
socket.c:169:9:socketSetTtl	16	static
socket.c:194:9:socketSetMulticastTtl	16	static
socket.c:219:9:socketSetDscp	0	static
socket.c:253:9:socketSetVlanPcp	0	static
socket.c:290:9:socketSetVlanDei	0	static
socket.c:323:9:socketSetVmanPcp	0	static
socket.c:360:9:socketSetVmanDei	0	static
socket.c:393:9:socketEnableKeepAlive	0	static
socket.c:442:9:socketSetKeepAliveParams	0	static
socket.c:484:9:socketSetTxBufferSize	16	static
socket.c:518:9:socketSetRxBufferSize	16	static
socket.c:552:9:socketSetInterface	0	static
socket.c:572:15:socketGetInterface	0	static
socket.c:595:9:socketBind	8	static
socket.c:622:9:socketConnect	16	static
socket.c:685:9:socketListen	16	static
socket.c:722:9:socketAccept	0	static
socket.c:776:9:socketSendTo	104	static
socket.c:755:9:socketSend	32	static
socket.c:872:9:socketSendMsg	16	static
socket.c:974:9:socketReceiveEx	104	static
socket.c:930:9:socketReceive	24	static
socket.c:952:9:socketReceiveFrom	24	static
socket.c:1086:9:socketReceiveMsg	16	static
socket.c:1145:9:socketGetLocalAddr	8	static
socket.c:1172:9:socketGetRemoteAddr	8	static
socket.c:1202:9:socketShutdown	16	static
socket.c:1239:6:socketClose	16	static
socket.c:1299:9:socketPoll	112	static
socket.c:1391:9:getHostByName	24	static
