modbus_debug.c:99:9:modbusDumpRequestPdu	16	static
modbus_debug.c:198:9:modbusDumpResponsePdu	16	static
modbus_debug.c:306:9:modbusDumpReadCoilsReq	16	static
modbus_debug.c:329:9:modbusDumpReadCoilsResp	16	static
modbus_debug.c:355:9:modbusDumpReadDiscreteInputsReq	16	static
modbus_debug.c:378:9:modbusDumpReadDiscreteInputsResp	16	static
modbus_debug.c:404:9:modbusDumpReadHoldingRegsReq	16	static
modbus_debug.c:427:9:modbusDumpReadHoldingRegsResp	16	static
modbus_debug.c:453:9:modbusDumpReadInputRegsReq	16	static
modbus_debug.c:476:9:modbusDumpReadInputRegsResp	16	static
modbus_debug.c:502:9:modbusDumpWriteSingleCoilReq	16	static
modbus_debug.c:525:9:modbusDumpWriteSingleCoilResp	16	static
modbus_debug.c:548:9:modbusDumpWriteSingleRegReq	16	static
modbus_debug.c:571:9:modbusDumpWriteSingleRegResp	16	static
modbus_debug.c:594:9:modbusDumpWriteMultipleCoilsReq	16	static
modbus_debug.c:622:9:modbusDumpWriteMultipleCoilsResp	16	static
modbus_debug.c:645:9:modbusDumpWriteMultipleRegsReq	16	static
modbus_debug.c:673:9:modbusDumpWriteMultipleRegsResp	16	static
modbus_debug.c:696:9:modbusDumpMaskWriteRegReq	16	static
modbus_debug.c:720:9:modbusDumpMaskWriteRegResp	16	static
modbus_debug.c:744:9:modbusDumpReadWriteMultipleRegsReq	16	static
modbus_debug.c:774:9:modbusDumpReadWriteMultipleRegsResp	16	static
modbus_debug.c:800:9:modbusDumpExceptionResp	16	static
