modbus_client.c:51:9:modbusClientInit	16	static
modbus_client.c:122:9:modbusClientSetTimeout	16	static
modbus_client.c:143:9:modbusClientSetUnitId	16	static
modbus_client.c:164:9:modbusClientBindToInterface	16	static
modbus_client.c:187:9:modbusClientConnect	32	static
modbus_client.c:279:9:modbusClientReadCoils	32	static
modbus_client.c:347:9:modbusClientReadDiscreteInputs	32	static
modbus_client.c:415:9:modbusClientReadHoldingRegs	32	static
modbus_client.c:483:9:modbusClientReadInputRegs	32	static
modbus_client.c:550:9:modbusClientWriteSingleCoil	32	static
modbus_client.c:611:9:modbusClientWriteSingleReg	24	static
modbus_client.c:673:9:modbusClientWriteMultipleCoils	32	static
modbus_client.c:741:9:modbusClientWriteMultipleRegs	32	static
modbus_client.c:810:9:modbusClientMaskWriteReg	32	static
modbus_client.c:877:9:modbusClientReadWriteMultipleRegs	48	static
modbus_client.c:943:9:modbusClientGetExceptionCode	16	static
modbus_client.c:964:9:modbusClientDisconnect	24	static
modbus_client.c:1041:9:modbusClientClose	16	static
modbus_client.c:1062:6:modbusClientDeinit	16	static
