modbus_server_misc.c:51:6:modbusServerTick	32	static
modbus_server_misc.c:88:6:modbusServerRegisterConnectionEvents	16	static
modbus_server_misc.c:159:6:modbusServerProcessConnectionEvents	40	static
modbus_server_misc.c:324:9:modbusServerParseMbapHeader	24	static
modbus_server_misc.c:382:9:modbusServerFormatMbapHeader	24	static
modbus_server_misc.c:433:7:modbusServerGetRequestPdu	24	static
modbus_server_misc.c:458:7:modbusServerGetResponsePdu	16	static
modbus_server_misc.c:470:6:modbusServerLock	24	static
modbus_server_misc.c:491:6:modbusServerUnlock	24	static
modbus_server_misc.c:515:9:modbusServerReadCoil	32	static
modbus_server_misc.c:550:9:modbusServerReadDiscreteInput	32	static
modbus_server_misc.c:593:9:modbusServerWriteCoil	40	static
modbus_server_misc.c:628:9:modbusServerReadHoldingReg	32	static
modbus_server_misc.c:669:9:modbusServerReadInputReg	32	static
modbus_server_misc.c:712:9:modbusServerWriteReg	40	static
modbus_server_misc.c:745:21:modbusServerTranslateExceptionCode	24	static
