modbus_client_pdu.c:53:9:modbusClientFormatReadCoilsReq	32	static
modbus_client_pdu.c:88:9:modbusClientFormatReadDiscreteInputsReq	32	static
modbus_client_pdu.c:123:9:modbusClientFormatReadHoldingRegsReq	32	static
modbus_client_pdu.c:158:9:modbusClientFormatReadInputRegsReq	32	static
modbus_client_pdu.c:193:9:modbusClientFormatWriteSingleCoilReq	32	static
modbus_client_pdu.c:234:9:modbusClientFormatWriteSingleRegReq	24	static
modbus_client_pdu.c:270:9:modbusClientFormatWriteMultipleCoilsReq	32	static
modbus_client_pdu.c:310:9:modbusClientFormatWriteMultipleRegsReq	40	static
modbus_client_pdu.c:354:9:modbusClientFormatMaskWriteRegReq	32	static
modbus_client_pdu.c:393:9:modbusClientFormatReadWriteMultipleRegsReq	40	static
modbus_client_pdu.c:439:9:modbusClientParseReadCoilsResp	40	static
modbus_client_pdu.c:480:9:modbusClientParseReadDiscreteInputsResp	40	static
modbus_client_pdu.c:521:9:modbusClientParseReadHoldingRegsResp	48	static
modbus_client_pdu.c:569:9:modbusClientParseReadInputRegsResp	48	static
modbus_client_pdu.c:617:9:modbusClientParseWriteSingleCoilResp	40	static
modbus_client_pdu.c:659:9:modbusClientParseWriteSingleRegResp	24	static
modbus_client_pdu.c:696:9:modbusClientParseWriteMultipleCoilsResp	32	static
modbus_client_pdu.c:734:9:modbusClientParseWriteMultipleRegsResp	32	static
modbus_client_pdu.c:773:9:modbusClientParseMaskWriteRegResp	32	static
modbus_client_pdu.c:811:9:modbusClientParseReadWriteMultipleRegsResp	48	static
modbus_client_pdu.c:857:9:modbusClientParseExceptionResp	24	static
