bsd_socket.c:59:7:socketTranslateErrorCode	24	static
bsd_socket.c:109:7:socket	32	static
bsd_socket.c:151:7:bind	48	static
bsd_socket.c:252:7:connect	48	static
bsd_socket.c:354:7:listen	24	static
bsd_socket.c:392:7:accept	48	static
bsd_socket.c:484:7:send	48	static
bsd_socket.c:543:7:sendto	64	static
bsd_socket.c:648:7:recv	48	static
bsd_socket.c:697:7:recvfrom	72	static
bsd_socket.c:792:7:getsockname	40	static
bsd_socket.c:884:7:getpeername	40	static
bsd_socket.c:978:7:setsockopt	40	static
bsd_socket.c:1278:7:getsockopt	40	static
bsd_socket.c:1612:7:ioctlsocket	40	static
bsd_socket.c:1689:7:fcntl	40	static
bsd_socket.c:1764:7:shutdown	24	static
bsd_socket.c:1800:7:closesocket	24	static
bsd_socket.c:1838:7:bsd_select	136	static
bsd_socket.c:2008:6:selectFdZero	16	static
bsd_socket.c:2021:6:selectFdSet	24	static
bsd_socket.c:2050:6:selectFdClr	24	static
bsd_socket.c:2082:7:selectFdIsSet	24	static
bsd_socket.c:2105:10:gethostbyname	32	static
bsd_socket.c:2128:10:gethostbyname_r	40	static
bsd_socket.c:2199:11:inet_addr	24	static
bsd_socket.c:2233:7:inet_aton	24	static
bsd_socket.c:2268:15:inet_ntoa	16	static
bsd_socket.c:2285:15:inet_ntoa_r	24	static
bsd_socket.c:2313:7:inet_pton	32	static
bsd_socket.c:2385:15:inet_ntop	32	static
