arp.c:60:9:arpInit	8	static
arp.c:152:16:arpFindEntry	8	static
arp.c:183:6:arpSendQueuedPackets	32	static
arp.c:223:6:arpFlushQueuedPackets	16	static
arp.c:75:6:arpFlushCache	16	static
arp.c:100:16:arpCreateEntry	16	static
arp.c:344:9:arpEnqueuePacket	48	static
arp.c:732:6:arpProcessReply	16	static
arp.c:814:9:arpSendProbe	64	static
arp.c:874:9:arpSendRequest	72	static
arp.c:251:9:arpResolve	24	static
arp.c:432:6:arpTick	32	static
arp.c:943:9:arpSendReply	72	static
arp.c:662:6:arpProcessRequest	16	static
arp.c:543:6:arpProcessPacket	16	static
arp.c:1001:6:arpDumpPacket	0	static
