ipv4.c:72:9:ipv4Init	16	static
ipv4.c:134:9:ipv4SetHostAddrEx	16	static
ipv4.c:119:9:ipv4SetHostAddr	0	static
ipv4.c:208:9:ipv4GetHostAddrEx	16	static
ipv4.c:193:9:ipv4GetHostAddr	0	static
ipv4.c:273:9:ipv4SetSubnetMaskEx	16	static
ipv4.c:258:9:ipv4SetSubnetMask	0	static
ipv4.c:317:9:ipv4GetSubnetMaskEx	16	static
ipv4.c:302:9:ipv4GetSubnetMask	0	static
ipv4.c:366:9:ipv4SetDefaultGatewayEx	16	static
ipv4.c:351:9:ipv4SetDefaultGateway	0	static
ipv4.c:415:9:ipv4GetDefaultGatewayEx	16	static
ipv4.c:400:9:ipv4GetDefaultGateway	0	static
ipv4.c:451:9:ipv4SetDnsServer	16	static
ipv4.c:485:9:ipv4GetDnsServer	16	static
ipv4.c:517:6:ipv4LinkChangeEvent	8	static
ipv4.c:784:6:ipv4ProcessDatagram	56	static
ipv4.c:568:6:ipv4ProcessPacket	40	static
ipv4.c:1005:9:ipv4SendPacket	56	static
ipv4.c:943:9:ipv4SendDatagram	48	static
ipv4.c:1258:9:ipv4JoinMulticastGroup	32	static
ipv4.c:1367:9:ipv4LeaveMulticastGroup	32	static
ipv4.c:1443:9:ipv4StringToAddr	20	static
ipv4.c:1530:9:ipv4AddrToString	16	static
ipv4.c:1554:6:ipv4DumpHeader	0	static
