ipv4_misc.c:55:9:ipv4AddRouterAlertOption	8	static
ipv4_misc.c:393:9:ipv4SelectDefaultGateway	0	static
ipv4_misc.c:435:8:ipv4IsOnLink	0	static
ipv4_misc.c:470:8:ipv4IsBroadcastAddr	0	static
ipv4_misc.c:95:9:ipv4CheckSourceAddr	8	static
ipv4_misc.c:119:9:ipv4CheckDestAddr	16	static
ipv4_misc.c:516:8:ipv4IsTentativeAddr	0	static
ipv4_misc.c:552:8:ipv4IsLocalHostAddr	0	static
ipv4_misc.c:607:8:ipv4GetAddrScope	0	static
ipv4_misc.c:671:8:ipv4GetPrefixLength	8	static
ipv4_misc.c:204:9:ipv4SelectSourceAddr	56	static
ipv4_misc.c:697:9:ipv4GetBroadcastAddr	0	static
ipv4_misc.c:720:9:ipv4MapMulticastAddrToMac	0	static
ipv4_misc.c:753:8:ipv4TrapIgmpPacket	8	static
ipv4_misc.c:783:6:ipv4UpdateInStats	0	static
ipv4_misc.c:819:6:ipv4UpdateOutStats	0	static
ipv4_misc.c:868:6:ipv4UpdateErrorStats	0	static
