mqtt_sn_message.c:52:9:mqttSnFormatHeader	32	static
mqtt_sn_message.c:116:9:mqttSnFormatSearchGw	24	static
mqtt_sn_message.c:145:9:mqttSnFormatConnect	32	static
mqtt_sn_message.c:178:9:mqttSnFormatWillTopic	32	static
mqtt_sn_message.c:218:9:mqttSnFormatWillMsg	32	static
mqtt_sn_message.c:243:9:mqttSnFormatRegister	32	static
mqtt_sn_message.c:276:9:mqttSnFormatRegAck	32	static
mqtt_sn_message.c:310:9:mqttSnFormatPublish	40	static
mqtt_sn_message.c:384:9:mqttSnFormatPubAck	32	static
mqtt_sn_message.c:413:9:mqttSnFormatPubRec	24	static
mqtt_sn_message.c:439:9:mqttSnFormatPubRel	24	static
mqtt_sn_message.c:465:9:mqttSnFormatPubComp	24	static
mqtt_sn_message.c:494:9:mqttSnFormatSubscribe	40	static
mqtt_sn_message.c:579:9:mqttSnFormatUnsubscribe	40	static
mqtt_sn_message.c:661:9:mqttSnFormatPingReq	24	static
mqtt_sn_message.c:686:9:mqttSnFormatPingResp	24	static
mqtt_sn_message.c:705:9:mqttSnFormatDisconnect	24	static
mqtt_sn_message.c:744:9:mqttSnFormatWillTopicUpd	32	static
mqtt_sn_message.c:784:9:mqttSnFormatWillMsgUpd	32	static
mqtt_sn_message.c:807:9:mqttSnParseHeader	32	static
mqtt_sn_message.c:871:9:mqttSnParseGwInfo	32	static
mqtt_sn_message.c:906:9:mqttSnParseConnAck	24	static
mqtt_sn_message.c:935:9:mqttSnParseWillTopicReq	16	static
mqtt_sn_message.c:948:9:mqttSnParseWillMsgReq	16	static
mqtt_sn_message.c:964:9:mqttSnParseRegister	32	static
mqtt_sn_message.c:1000:9:mqttSnParseRegAck	32	static
mqtt_sn_message.c:1038:9:mqttSnParsePublish	32	static
mqtt_sn_message.c:1079:9:mqttSnParsePubAck	32	static
mqtt_sn_message.c:1113:9:mqttSnParsePubRec	24	static
mqtt_sn_message.c:1142:9:mqttSnParsePubRel	24	static
mqtt_sn_message.c:1171:9:mqttSnParsePubComp	24	static
mqtt_sn_message.c:1203:9:mqttSnParseSubAck	32	static
mqtt_sn_message.c:1239:9:mqttSnParseUnsubAck	24	static
mqtt_sn_message.c:1268:9:mqttSnParsePingReq	24	static
mqtt_sn_message.c:1290:9:mqttSnParsePingResp	16	static
mqtt_sn_message.c:1304:9:mqttSnParseDisconnect	24	static
mqtt_sn_message.c:1343:9:mqttSnParseWillTopicResp	24	static
mqtt_sn_message.c:1373:9:mqttSnParseWillMsgResp	24	static
