mqtt_sn_client_message.c:57:9:mqttSnClientProcessMessage	40	static
mqtt_sn_client_message.c:200:9:mqttSnClientProcessGwInfo	40	static
mqtt_sn_client_message.c:237:9:mqttSnClientProcessConnAck	24	static
mqtt_sn_client_message.c:275:9:mqttSnClientProcessWillTopicReq	24	static
mqtt_sn_client_message.c:303:9:mqttSnClientProcessWillMsgReq	24	static
mqtt_sn_client_message.c:331:9:mqttSnClientProcessRegister	32	static
mqtt_sn_client_message.c:372:9:mqttSnClientProcessRegAck	24	static
mqtt_sn_client_message.c:414:9:mqttSnClientProcessPublish	48	static
mqtt_sn_client_message.c:515:9:mqttSnClientProcessPubAck	24	static
mqtt_sn_client_message.c:556:9:mqttSnClientProcessPubRec	24	static
mqtt_sn_client_message.c:594:9:mqttSnClientProcessPubRel	24	static
mqtt_sn_client_message.c:626:9:mqttSnClientProcessPubComp	24	static
mqtt_sn_client_message.c:664:9:mqttSnClientProcessSubAck	40	static
mqtt_sn_client_message.c:707:9:mqttSnClientProcessUnsubAck	24	static
mqtt_sn_client_message.c:745:9:mqttSnClientProcessPingReq	24	static
mqtt_sn_client_message.c:774:9:mqttSnClientProcessPingResp	24	static
mqtt_sn_client_message.c:810:9:mqttSnClientProcessDisconnect	24	static
mqtt_sn_client_message.c:838:9:mqttSnClientProcessWillTopicResp	24	static
mqtt_sn_client_message.c:876:9:mqttSnClientProcessWillMsgResp	24	static
mqtt_sn_client_message.c:916:9:mqttSnClientSendSearchGw	40	static
mqtt_sn_client_message.c:955:9:mqttSnClientSendConnect	32	static
mqtt_sn_client_message.c:1021:9:mqttSnClientSendWillTopic	24	static
mqtt_sn_client_message.c:1055:9:mqttSnClientSendWillMsg	24	static
mqtt_sn_client_message.c:1090:9:mqttSnClientSendRegister	24	static
mqtt_sn_client_message.c:1140:9:mqttSnClientSendRegAck	32	static
mqtt_sn_client_message.c:1182:9:mqttSnClientSendPublish	56	static
mqtt_sn_client_message.c:1299:9:mqttSnClientSendPubAck	32	static
mqtt_sn_client_message.c:1334:9:mqttSnClientSendPubRec	24	static
mqtt_sn_client_message.c:1368:9:mqttSnClientSendPubRel	24	static
mqtt_sn_client_message.c:1414:9:mqttSnClientSendPubComp	24	static
mqtt_sn_client_message.c:1450:9:mqttSnClientSendSubscribe	48	static
mqtt_sn_client_message.c:1532:9:mqttSnClientSendUnsubscribe	40	static
mqtt_sn_client_message.c:1612:9:mqttSnClientSendPingReq	24	static
mqtt_sn_client_message.c:1648:9:mqttSnClientSendPingResp	24	static
mqtt_sn_client_message.c:1682:9:mqttSnClientSendDisconnect	24	static
mqtt_sn_client_message.c:1723:9:mqttSnClientSendWillTopicUpd	24	static
mqtt_sn_client_message.c:1769:9:mqttSnClientSendWillMsgUpd	24	static
