mqtt_sn_debug.c:95:9:mqttSnDumpMessage	16	static
mqtt_sn_debug.c:322:9:mqttSnDumpAdvertise	16	static
mqtt_sn_debug.c:345:9:mqttSnDumpSearchGw	16	static
mqtt_sn_debug.c:366:9:mqttSnDumpGwInfo	16	static
mqtt_sn_debug.c:391:9:mqttSnDumpConnect	16	static
mqtt_sn_debug.c:415:9:mqttSnDumpConnAck	16	static
mqtt_sn_debug.c:437:9:mqttSnDumpWillTopicReq	16	static
mqtt_sn_debug.c:451:9:mqttSnDumpWillTopic	16	static
mqtt_sn_debug.c:473:9:mqttSnDumpWillMsgReq	16	static
mqtt_sn_debug.c:487:9:mqttSnDumpWillMsg	16	static
mqtt_sn_debug.c:505:9:mqttSnDumpRegister	16	static
mqtt_sn_debug.c:528:9:mqttSnDumpRegAck	16	static
mqtt_sn_debug.c:552:9:mqttSnDumpPublish	16	static
mqtt_sn_debug.c:605:9:mqttSnDumpPubAck	16	static
mqtt_sn_debug.c:629:9:mqttSnDumpPubRec	16	static
mqtt_sn_debug.c:650:9:mqttSnDumpPubRel	16	static
mqtt_sn_debug.c:671:9:mqttSnDumpPubComp	16	static
mqtt_sn_debug.c:692:9:mqttSnDumpSubscribe	16	static
mqtt_sn_debug.c:736:9:mqttSnDumpSubAck	16	static
mqtt_sn_debug.c:761:9:mqttSnDumpUnsubscribe	16	static
mqtt_sn_debug.c:805:9:mqttSnDumpUnsubAck	16	static
mqtt_sn_debug.c:826:9:mqttSnDumpPingReq	16	static
mqtt_sn_debug.c:843:9:mqttSnDumpPingResp	16	static
mqtt_sn_debug.c:857:9:mqttSnDumpDisconnect	16	static
mqtt_sn_debug.c:878:9:mqttSnDumpWillTopicUpd	16	static
mqtt_sn_debug.c:900:9:mqttSnDumpWillTopicResp	16	static
mqtt_sn_debug.c:922:9:mqttSnDumpWillMsgUpd	16	static
mqtt_sn_debug.c:940:9:mqttSnDumpWillMsgResp	16	static
mqtt_sn_debug.c:960:6:mqttSnDumpFlags	16	static
mqtt_sn_debug.c:1045:15:mqttSnGetMessageName	16	static
mqtt_sn_debug.c:1064:15:mqttSnGetReturnCodeDesc	16	static
