mqtt_sn_client.c:52:9:mqttSnClientInit	16	static
mqtt_sn_client.c:98:9:mqttSnClientSetTransportProtocol	16	static
mqtt_sn_client.c:147:9:mqttSnClientRegisterPublishCallback	16	static
mqtt_sn_client.c:170:9:mqttSnClientSetPredefinedTopics	24	static
mqtt_sn_client.c:197:9:mqttSnClientSetTimeout	16	static
mqtt_sn_client.c:218:9:mqttSnClientSetKeepAlive	16	static
mqtt_sn_client.c:239:9:mqttSnClientSetIdentifier	16	static
mqtt_sn_client.c:269:9:mqttSnClientSetWillMessage	24	static
mqtt_sn_client.c:319:9:mqttSnClientBindToInterface	16	static
mqtt_sn_client.c:342:9:mqttSnClientSetGateway	24	static
mqtt_sn_client.c:366:9:mqttSnClientSearchGateway	32	static
mqtt_sn_client.c:479:9:mqttSnClientConnect	24	static
mqtt_sn_client.c:633:9:mqttSnClientPublish	48	static
mqtt_sn_client.c:870:9:mqttSnClientSubscribe	32	static
mqtt_sn_client.c:979:9:mqttSnClientUnsubscribe	24	static
mqtt_sn_client.c:1069:9:mqttSnClientPing	24	static
mqtt_sn_client.c:1167:9:mqttSnClientUpdateWillMessage	40	static
mqtt_sn_client.c:1314:9:mqttSnClientGetReturnCode	16	static
mqtt_sn_client.c:1336:9:mqttSnClientTask	24	static
mqtt_sn_client.c:1370:9:mqttSnClientDisconnect	24	static
mqtt_sn_client.c:1464:6:mqttSnClientDeinit	16	static
